Archive member included to satisfy reference by file (symbol)

/data/cadeniyi/arm-gnu-toolchain-13.2.Rel1-x86_64-arm-none-eabi/bin/../lib/gcc/arm-none-eabi/13.2.1/../../../../arm-none-eabi/lib/thumb/v7e-m+fp/hard/libc_nano.a(libc_a-exit.o)
                              /data/cadeniyi/arm-gnu-toolchain-13.2.Rel1-x86_64-arm-none-eabi/bin/../lib/gcc/arm-none-eabi/13.2.1/../../../../arm-none-eabi/lib/thumb/v7e-m+fp/hard/crt0.o (exit)
/data/cadeniyi/arm-gnu-toolchain-13.2.Rel1-x86_64-arm-none-eabi/bin/../lib/gcc/arm-none-eabi/13.2.1/../../../../arm-none-eabi/lib/thumb/v7e-m+fp/hard/libc_nano.a(libc_a-strtoul.o)
                              CMakeFiles/rpmsg_cortexm_console_rtos_linux_remote.elf.dir/data/cadeniyi/sdk/devices/MIMX8MM6/utilities/str/fsl_str.c.obj (strtoul)
/data/cadeniyi/arm-gnu-toolchain-13.2.Rel1-x86_64-arm-none-eabi/bin/../lib/gcc/arm-none-eabi/13.2.1/../../../../arm-none-eabi/lib/thumb/v7e-m+fp/hard/libc_nano.a(libc_a-init.o)
                              /data/cadeniyi/arm-gnu-toolchain-13.2.Rel1-x86_64-arm-none-eabi/bin/../lib/gcc/arm-none-eabi/13.2.1/../../../../arm-none-eabi/lib/thumb/v7e-m+fp/hard/crt0.o (__libc_init_array)
/data/cadeniyi/arm-gnu-toolchain-13.2.Rel1-x86_64-arm-none-eabi/bin/../lib/gcc/arm-none-eabi/13.2.1/../../../../arm-none-eabi/lib/thumb/v7e-m+fp/hard/libc_nano.a(libc_a-strcmp.o)
                              CMakeFiles/rpmsg_cortexm_console_rtos_linux_remote.elf.dir/data/cadeniyi/sdk/middleware/multicore/rpmsg_lite/lib/rpmsg_lite/porting/environment/rpmsg_env_freertos.c.obj (strcmp)
/data/cadeniyi/arm-gnu-toolchain-13.2.Rel1-x86_64-arm-none-eabi/bin/../lib/gcc/arm-none-eabi/13.2.1/../../../../arm-none-eabi/lib/thumb/v7e-m+fp/hard/libc_nano.a(libc_a-impure.o)
                              /data/cadeniyi/arm-gnu-toolchain-13.2.Rel1-x86_64-arm-none-eabi/bin/../lib/gcc/arm-none-eabi/13.2.1/../../../../arm-none-eabi/lib/thumb/v7e-m+fp/hard/libc_nano.a(libc_a-strtoul.o) (_impure_ptr)
/data/cadeniyi/arm-gnu-toolchain-13.2.Rel1-x86_64-arm-none-eabi/bin/../lib/gcc/arm-none-eabi/13.2.1/../../../../arm-none-eabi/lib/thumb/v7e-m+fp/hard/libc_nano.a(libc_a-malloc.o)
                              CMakeFiles/rpmsg_cortexm_console_rtos_linux_remote.elf.dir/data/cadeniyi/sdk/devices/MIMX8MM6/drivers/fsl_common.c.obj (malloc)
/data/cadeniyi/arm-gnu-toolchain-13.2.Rel1-x86_64-arm-none-eabi/bin/../lib/gcc/arm-none-eabi/13.2.1/../../../../arm-none-eabi/lib/thumb/v7e-m+fp/hard/libc_nano.a(libc_a-mallocr.o)
                              /data/cadeniyi/arm-gnu-toolchain-13.2.Rel1-x86_64-arm-none-eabi/bin/../lib/gcc/arm-none-eabi/13.2.1/../../../../arm-none-eabi/lib/thumb/v7e-m+fp/hard/libc_nano.a(libc_a-malloc.o) (_malloc_r)
/data/cadeniyi/arm-gnu-toolchain-13.2.Rel1-x86_64-arm-none-eabi/bin/../lib/gcc/arm-none-eabi/13.2.1/../../../../arm-none-eabi/lib/thumb/v7e-m+fp/hard/libc_nano.a(libc_a-strncmp.o)
                              CMakeFiles/rpmsg_cortexm_console_rtos_linux_remote.elf.dir/data/cadeniyi/sdk/middleware/multicore/rpmsg_lite/lib/rpmsg_lite/porting/environment/rpmsg_env_freertos.c.obj (strncmp)
/data/cadeniyi/arm-gnu-toolchain-13.2.Rel1-x86_64-arm-none-eabi/bin/../lib/gcc/arm-none-eabi/13.2.1/../../../../arm-none-eabi/lib/thumb/v7e-m+fp/hard/libc_nano.a(libc_a-strncpy.o)
                              CMakeFiles/rpmsg_cortexm_console_rtos_linux_remote.elf.dir/data/cadeniyi/sdk/middleware/multicore/rpmsg_lite/lib/rpmsg_lite/porting/environment/rpmsg_env_freertos.c.obj (strncpy)
/data/cadeniyi/arm-gnu-toolchain-13.2.Rel1-x86_64-arm-none-eabi/bin/../lib/gcc/arm-none-eabi/13.2.1/../../../../arm-none-eabi/lib/thumb/v7e-m+fp/hard/libc_nano.a(libc_a-findfp.o)
                              /data/cadeniyi/arm-gnu-toolchain-13.2.Rel1-x86_64-arm-none-eabi/bin/../lib/gcc/arm-none-eabi/13.2.1/../../../../arm-none-eabi/lib/thumb/v7e-m+fp/hard/libc_nano.a(libc_a-exit.o) (__stdio_exit_handler)
/data/cadeniyi/arm-gnu-toolchain-13.2.Rel1-x86_64-arm-none-eabi/bin/../lib/gcc/arm-none-eabi/13.2.1/../../../../arm-none-eabi/lib/thumb/v7e-m+fp/hard/libc_nano.a(libc_a-strlen.o)
                              CMakeFiles/rpmsg_cortexm_console_rtos_linux_remote.elf.dir/data/cadeniyi/sdk/boards/evkmimx8mm/multicore_examples/rpmsg_cortexm_console_rtos/linux_remote/main_remote.c.obj (strlen)
/data/cadeniyi/arm-gnu-toolchain-13.2.Rel1-x86_64-arm-none-eabi/bin/../lib/gcc/arm-none-eabi/13.2.1/../../../../arm-none-eabi/lib/thumb/v7e-m+fp/hard/libc_nano.a(libc_a-sprintf.o)
                              CMakeFiles/rpmsg_cortexm_console_rtos_linux_remote.elf.dir/data/cadeniyi/sdk/boards/evkmimx8mm/multicore_examples/rpmsg_cortexm_console_rtos/linux_remote/main_remote.c.obj (sprintf)
/data/cadeniyi/arm-gnu-toolchain-13.2.Rel1-x86_64-arm-none-eabi/bin/../lib/gcc/arm-none-eabi/13.2.1/../../../../arm-none-eabi/lib/thumb/v7e-m+fp/hard/libc_nano.a(libc_a-stdio.o)
[...]
Memory Configuration

Name             Origin             Length             Attributes
m_interrupts     0x1ffe0000         0x00000240         xr
m_text           0x1ffe0240         0x0001fdc0         xr
m_data           0x20000000         0x00020000         rw
m_data2          0x80000000         0x01000000         rw
*default*        0x00000000         0xffffffff

Linker script and memory map

LOAD /data/cadeniyi/arm-gnu-toolchain-13.2.Rel1-x86_64-arm-none-eabi/bin/../lib/gcc/arm-none-eabi/13.2.1/thumb/v7e-m+fp/hard/crti.o
LOAD /data/cadeniyi/arm-gnu-toolchain-13.2.Rel1-x86_64-arm-none-eabi/bin/../lib/gcc/arm-none-eabi/13.2.1/thumb/v7e-m+fp/hard/crtbegin.o
LOAD /data/cadeniyi/arm-gnu-toolchain-13.2.Rel1-x86_64-arm-none-eabi/bin/../lib/gcc/arm-none-eabi/13.2.1/../../../../arm-none-eabi/lib/thumb/v7e-m+fp/hard/crt0.o
                0x00000400                        __stack_size__ = 0x400
                0x00000400                        __heap_size__ = 0x400
LOAD CMakeFiles/rpmsg_cortexm_console_rtos_linux_remote.elf.dir/data/cadeniyi/sdk/boards/evkmimx8mm/multicore_examples/rpmsg_cortexm_console_rtos/linux_remote/main_remote.c.obj
LOAD CMakeFiles/rpmsg_cortexm_console_rtos_linux_remote.elf.dir/data/cadeniyi/sdk/boards/evkmimx8mm/multicore_examples/rpmsg_cortexm_console_rtos/linux_remote/pin_mux.c.obj
LOAD CMakeFiles/rpmsg_cortexm_console_rtos_linux_remote.elf.dir/data/cadeniyi/sdk/boards/evkmimx8mm/multicore_examples/rpmsg_cortexm_console_rtos/linux_remote/rsc_table.c.obj
LOAD CMakeFiles/rpmsg_cortexm_console_rtos_linux_remote.elf.dir/data/cadeniyi/sdk/boards/evkmimx8mm/multicore_examples/rpmsg_cortexm_console_rtos/linux_remote/board.c.obj
LOAD CMakeFiles/rpmsg_cortexm_console_rtos_linux_remote.elf.dir/data/cadeniyi/sdk/boards/evkmimx8mm/multicore_examples/rpmsg_cortexm_console_rtos/linux_remote/clock_config.c.obj
LOAD CMakeFiles/rpmsg_cortexm_console_rtos_linux_remote.elf.dir/data/cadeniyi/sdk/components/uart/fsl_adapter_iuart.c.obj
LOAD CMakeFiles/rpmsg_cortexm_console_rtos_linux_remote.elf.dir/data/cadeniyi/sdk/components/lists/fsl_component_generic_list.c.obj
LOAD CMakeFiles/rpmsg_cortexm_console_rtos_linux_remote.elf.dir/data/cadeniyi/sdk/components/serial_manager/fsl_component_serial_manager.c.obj
LOAD CMakeFiles/rpmsg_cortexm_console_rtos_linux_remote.elf.dir/data/cadeniyi/sdk/components/serial_manager/fsl_component_serial_port_uart.c.obj
LOAD CMakeFiles/rpmsg_cortexm_console_rtos_linux_remote.elf.dir/data/cadeniyi/sdk/devices/MIMX8MM6/gcc/startup_MIMX8MM6_cm4.S.obj
LOAD CMakeFiles/rpmsg_cortexm_console_rtos_linux_remote.elf.dir/data/cadeniyi/sdk/devices/MIMX8MM6/system_MIMX8MM6_cm4.c.obj
LOAD CMakeFiles/rpmsg_cortexm_console_rtos_linux_remote.elf.dir/data/cadeniyi/sdk/devices/MIMX8MM6/drivers/fsl_clock.c.obj
LOAD CMakeFiles/rpmsg_cortexm_console_rtos_linux_remote.elf.dir/data/cadeniyi/sdk/devices/MIMX8MM6/drivers/fsl_common.c.obj
LOAD CMakeFiles/rpmsg_cortexm_console_rtos_linux_remote.elf.dir/data/cadeniyi/sdk/devices/MIMX8MM6/drivers/fsl_common_arm.c.obj
LOAD CMakeFiles/rpmsg_cortexm_console_rtos_linux_remote.elf.dir/data/cadeniyi/sdk/devices/MIMX8MM6/drivers/fsl_uart.c.obj
LOAD CMakeFiles/rpmsg_cortexm_console_rtos_linux_remote.elf.dir/data/cadeniyi/sdk/devices/MIMX8MM6/drivers/fsl_mu.c.obj
LOAD CMakeFiles/rpmsg_cortexm_console_rtos_linux_remote.elf.dir/data/cadeniyi/sdk/devices/MIMX8MM6/drivers/fsl_rdc.c.obj
LOAD CMakeFiles/rpmsg_cortexm_console_rtos_linux_remote.elf.dir/data/cadeniyi/sdk/rtos/freertos/freertos-kernel/croutine.c.obj
LOAD CMakeFiles/rpmsg_cortexm_console_rtos_linux_remote.elf.dir/data/cadeniyi/sdk/rtos/freertos/freertos-kernel/event_groups.c.obj
LOAD CMakeFiles/rpmsg_cortexm_console_rtos_linux_remote.elf.dir/data/cadeniyi/sdk/rtos/freertos/freertos-kernel/list.c.obj
LOAD CMakeFiles/rpmsg_cortexm_console_rtos_linux_remote.elf.dir/data/cadeniyi/sdk/rtos/freertos/freertos-kernel/queue.c.obj
LOAD CMakeFiles/rpmsg_cortexm_console_rtos_linux_remote.elf.dir/data/cadeniyi/sdk/rtos/freertos/freertos-kernel/stream_buffer.c.obj
LOAD CMakeFiles/rpmsg_cortexm_console_rtos_linux_remote.elf.dir/data/cadeniyi/sdk/rtos/freertos/freertos-kernel/tasks.c.obj
LOAD CMakeFiles/rpmsg_cortexm_console_rtos_linux_remote.elf.dir/data/cadeniyi/sdk/rtos/freertos/freertos-kernel/timers.c.obj
LOAD CMakeFiles/rpmsg_cortexm_console_rtos_linux_remote.elf.dir/data/cadeniyi/sdk/rtos/freertos/freertos-kernel/portable/GCC/ARM_CM4F/port.c.obj
LOAD CMakeFiles/rpmsg_cortexm_console_rtos_linux_remote.elf.dir/data/cadeniyi/sdk/rtos/freertos/freertos-kernel/portable/MemMang/heap_4.c.obj
LOAD CMakeFiles/rpmsg_cortexm_console_rtos_linux_remote.elf.dir/data/cadeniyi/sdk/middleware/multicore/rpmsg_lite/lib/common/llist.c.obj
LOAD CMakeFiles/rpmsg_cortexm_console_rtos_linux_remote.elf.dir/data/cadeniyi/sdk/middleware/multicore/rpmsg_lite/lib/rpmsg_lite/rpmsg_lite.c.obj
LOAD CMakeFiles/rpmsg_cortexm_console_rtos_linux_remote.elf.dir/data/cadeniyi/sdk/middleware/multicore/rpmsg_lite/lib/rpmsg_lite/rpmsg_ns.c.obj
LOAD CMakeFiles/rpmsg_cortexm_console_rtos_linux_remote.elf.dir/data/cadeniyi/sdk/middleware/multicore/rpmsg_lite/lib/virtio/virtqueue.c.obj
LOAD CMakeFiles/rpmsg_cortexm_console_rtos_linux_remote.elf.dir/data/cadeniyi/sdk/middleware/multicore/rpmsg_lite/lib/rpmsg_lite/porting/environment/rpmsg_env_freertos.c.obj
LOAD CMakeFiles/rpmsg_cortexm_console_rtos_linux_remote.elf.dir/data/cadeniyi/sdk/middleware/multicore/rpmsg_lite/lib/rpmsg_lite/rpmsg_queue.c.obj
LOAD CMakeFiles/rpmsg_cortexm_console_rtos_linux_remote.elf.dir/data/cadeniyi/sdk/middleware/multicore/rpmsg_lite/lib/rpmsg_lite/porting/platform/imx8mm_m4/rpmsg_platform.c.obj
LOAD CMakeFiles/rpmsg_cortexm_console_rtos_linux_remote.elf.dir/data/cadeniyi/sdk/devices/MIMX8MM6/utilities/fsl_sbrk.c.obj
LOAD CMakeFiles/rpmsg_cortexm_console_rtos_linux_remote.elf.dir/data/cadeniyi/sdk/devices/MIMX8MM6/utilities/fsl_syscall_stub.c.obj
LOAD CMakeFiles/rpmsg_cortexm_console_rtos_linux_remote.elf.dir/data/cadeniyi/sdk/devices/MIMX8MM6/utilities/fsl_memcpy.S.obj
LOAD CMakeFiles/rpmsg_cortexm_console_rtos_linux_remote.elf.dir/data/cadeniyi/sdk/devices/MIMX8MM6/utilities/fsl_assert.c.obj
LOAD CMakeFiles/rpmsg_cortexm_console_rtos_linux_remote.elf.dir/data/cadeniyi/sdk/devices/MIMX8MM6/utilities/str/fsl_str.c.obj
LOAD CMakeFiles/rpmsg_cortexm_console_rtos_linux_remote.elf.dir/data/cadeniyi/sdk/devices/MIMX8MM6/utilities/debug_console/fsl_debug_console.c.obj
START GROUP
LOAD /data/cadeniyi/arm-gnu-toolchain-13.2.Rel1-x86_64-arm-none-eabi/bin/../lib/gcc/arm-none-eabi/13.2.1/../../../../arm-none-eabi/lib/thumb/v7e-m+fp/hard/libm.a
LOAD /data/cadeniyi/arm-gnu-toolchain-13.2.Rel1-x86_64-arm-none-eabi/bin/../lib/gcc/arm-none-eabi/13.2.1/../../../../arm-none-eabi/lib/thumb/v7e-m+fp/hard/libc_nano.a
LOAD /data/cadeniyi/arm-gnu-toolchain-13.2.Rel1-x86_64-arm-none-eabi/bin/../lib/gcc/arm-none-eabi/13.2.1/thumb/v7e-m+fp/hard/libgcc.a
LOAD /data/cadeniyi/arm-gnu-toolchain-13.2.Rel1-x86_64-arm-none-eabi/bin/../lib/gcc/arm-none-eabi/13.2.1/../../../../arm-none-eabi/lib/thumb/v7e-m+fp/hard/libnosys.a
END GROUP
START GROUP
LOAD /data/cadeniyi/arm-gnu-toolchain-13.2.Rel1-x86_64-arm-none-eabi/bin/../lib/gcc/arm-none-eabi/13.2.1/thumb/v7e-m+fp/hard/libgcc.a
LOAD /data/cadeniyi/arm-gnu-toolchain-13.2.Rel1-x86_64-arm-none-eabi/bin/../lib/gcc/arm-none-eabi/13.2.1/../../../../arm-none-eabi/lib/thumb/v7e-m+fp/hard/libc_nano.a
END GROUP
START GROUP
LOAD /data/cadeniyi/arm-gnu-toolchain-13.2.Rel1-x86_64-arm-none-eabi/bin/../lib/gcc/arm-none-eabi/13.2.1/thumb/v7e-m+fp/hard/libgcc.a
LOAD /data/cadeniyi/arm-gnu-toolchain-13.2.Rel1-x86_64-arm-none-eabi/bin/../lib/gcc/arm-none-eabi/13.2.1/../../../../arm-none-eabi/lib/thumb/v7e-m+fp/hard/libc_nano.a
LOAD /data/cadeniyi/arm-gnu-toolchain-13.2.Rel1-x86_64-arm-none-eabi/bin/../lib/gcc/arm-none-eabi/13.2.1/../../../../arm-none-eabi/lib/thumb/v7e-m+fp/hard/libnosys.a
END GROUP
START GROUP
LOAD /data/cadeniyi/arm-gnu-toolchain-13.2.Rel1-x86_64-arm-none-eabi/bin/../lib/gcc/arm-none-eabi/13.2.1/thumb/v7e-m+fp/hard/libgcc.a
LOAD /data/cadeniyi/arm-gnu-toolchain-13.2.Rel1-x86_64-arm-none-eabi/bin/../lib/gcc/arm-none-eabi/13.2.1/../../../../arm-none-eabi/lib/thumb/v7e-m+fp/hard/libc_nano.a
LOAD /data/cadeniyi/arm-gnu-toolchain-13.2.Rel1-x86_64-arm-none-eabi/bin/../lib/gcc/arm-none-eabi/13.2.1/../../../../arm-none-eabi/lib/thumb/v7e-m+fp/hard/libnosys.a
END GROUP
LOAD /data/cadeniyi/arm-gnu-toolchain-13.2.Rel1-x86_64-arm-none-eabi/bin/../lib/gcc/arm-none-eabi/13.2.1/thumb/v7e-m+fp/hard/crtend.o
LOAD /data/cadeniyi/arm-gnu-toolchain-13.2.Rel1-x86_64-arm-none-eabi/bin/../lib/gcc/arm-none-eabi/13.2.1/thumb/v7e-m+fp/hard/crtn.o
                0x00000400                        HEAP_SIZE = DEFINED (__heap_size__)?__heap_size__:0x400
                0x00000400                        STACK_SIZE = DEFINED (__stack_size__)?__stack_size__:0x400

.interrupts     0x1ffe0000      0x240
                0x1ffe0000                        __VECTOR_TABLE = .
                0x1ffe0000                        __Vectors = .
                0x1ffe0000                        . = ALIGN (0x4)
 *(.isr_vector)
 .isr_vector    0x1ffe0000      0x240 CMakeFiles/rpmsg_cortexm_console_rtos_linux_remote.elf.dir/data/cadeniyi/sdk/devices/MIMX8MM6/gcc/startup_MIMX8MM6_cm4.S.obj
                0x1ffe0000                __isr_vector
                0x1ffe0240                        . = ALIGN (0x4)

.resource_table
                0x1ffe0240       0x58
                0x1ffe0240                        . = ALIGN (0x8)
 *(.resource_table)
 .resource_table
                0x1ffe0240       0x58 CMakeFiles/rpmsg_cortexm_console_rtos_linux_remote.elf.dir/data/cadeniyi/sdk/boards/evkmimx8mm/multicore_examples/rpmsg_cortexm_console_rtos/linux_remote/rsc_table.c.obj
                0x1ffe0240                resources
                0x1ffe0298                        . = ALIGN (0x8)

.text           0x1ffe02a0     0x4dc8
                0x1ffe02a0                        . = ALIGN (0x4)
 *(.text)
 .text          0x1ffe02a0       0x7c /data/cadeniyi/arm-gnu-toolchain-13.2.Rel1-x86_64-arm-none-eabi/bin/../lib/gcc/arm-none-eabi/13.2.1/../../../../arm-none-eabi/lib/thumb/v7e-m+fp/hard/crt0.o
                0x1ffe02a0                _stack_init
                0x1ffe02a8                _mainCRTStartup
                0x1ffe02a8                _start
 .text          0x1ffe031c      0x1b0 CMakeFiles/rpmsg_cortexm_console_rtos_linux_remote.elf.dir/data/cadeniyi/sdk/devices/MIMX8MM6/gcc/startup_MIMX8MM6_cm4.S.obj
                0x1ffe031c                Reset_Handler
                0x1ffe03a8                Reserved96_IRQHandler
                0x1ffe03a8                SJC_IRQHandler
                0x1ffe03a8                DebugMon_Handler
                0x1ffe03a8                DDR_PerformanceMonitor_IRQHandler
                0x1ffe03a8                SRC_IRQHandler
                0x1ffe03a8                GPIO2_Combined_0_15_IRQHandler
                0x1ffe03a8                GPIO1_INT2_IRQHandler
                0x1ffe03a8                PWM1_IRQHandler
                0x1ffe03a8                CAAM_IRQ1_IRQHandler
                0x1ffe03a8                CPU_Error_L2RAM_IRQHandler
                0x1ffe03a8                CAAM_ERROR_IRQHandler
                0x1ffe03a8                GPIO1_INT7_IRQHandler
                0x1ffe03a8                Reserved59_IRQHandler
                0x1ffe03a8                PCIE_CTRL1_IRQ0_IRQHandler
                0x1ffe03a8                Reserved29_IRQHandler
                0x1ffe03a8                QOS_IRQHandler
                0x1ffe03a8                I2S2_DriverIRQHandler
                0x1ffe03a8                GPIO5_Combined_0_15_IRQHandler
                0x1ffe03a8                MIPI_DSI_IRQHandler
                0x1ffe03a8                I2C3_DriverIRQHandler
                0x1ffe03a8                USB1_IRQHandler
                0x1ffe03a8                SNVS_IRQHandler
                0x1ffe03a8                Reserved116_IRQHandler
                0x1ffe03a8                SRC_Combined_IRQHandler
                0x1ffe03a8                GPIO4_Combined_0_15_IRQHandler
                0x1ffe03a8                Reserved92_IRQHandler
                0x1ffe03a8                VPU_G1_IRQHandler
                0x1ffe03a8                PERFMON1_IRQHandler
                0x1ffe03a8                SCTR_IRQ0_IRQHandler
                0x1ffe03a8                PWM3_IRQHandler
                0x1ffe03a8                I2C2_DriverIRQHandler
                0x1ffe03a8                GPU2D_IRQHandler
                0x1ffe03a8                HS_CP0_IRQHandler
                0x1ffe03a8                UsageFault_Handler
                0x1ffe03a8                WDOG1_IRQHandler
                0x1ffe03a8                DAP_IRQHandler
                0x1ffe03a8                TEMPMON_LOW_IRQHandler
                0x1ffe03a8                GPT1_IRQHandler
                0x1ffe03a8                DefaultISR
                0x1ffe03a8                VPU_G2_IRQHandler
                0x1ffe03a8                Reserved58_IRQHandler
                0x1ffe03a8                I2S3_DriverIRQHandler
                0x1ffe03a8                SDMA2_DriverIRQHandler
                0x1ffe03a8                GPT3_IRQHandler
                0x1ffe03a8                SNVS_Security_IRQHandler
                0x1ffe03a8                USDHC1_DriverIRQHandler
                0x1ffe03a8                GPIO1_INT0_IRQHandler
                0x1ffe03a8                CCM_IRQ1_IRQHandler
                0x1ffe03a8                CSU_IRQHandler
                0x1ffe03a8                ECSPI3_DriverIRQHandler
                0x1ffe03a8                SDMA1_DriverIRQHandler
                0x1ffe03a8                MIPI_CSI1_IRQHandler
                0x1ffe03a8                ECSPI2_DriverIRQHandler
                0x1ffe03a8                GPIO1_Combined_16_31_IRQHandler
                0x1ffe03a8                CPU_CTI_Trigger_IRQHandler
                0x1ffe03a8                PERFMON2_IRQHandler
                0x1ffe03a8                QSPI_DriverIRQHandler
                0x1ffe03a8                GPIO3_Combined_16_31_IRQHandler
                0x1ffe03a8                CPU_Error_AXI_IRQHandler
                0x1ffe03a8                CSI1_IRQHandler
                0x1ffe03a8                RDC_IRQHandler
                0x1ffe03a8                WDOG2_IRQHandler
                0x1ffe03a8                GPIO1_INT5_IRQHandler
                0x1ffe03a8                PWM2_IRQHandler
                0x1ffe03a8                GPIO1_INT6_IRQHandler
                0x1ffe03a8                SNVS_Consolidated_IRQHandler
                0x1ffe03a8                I2S1_DriverIRQHandler
                0x1ffe03a8                GPR_IRQ_IRQHandler
                0x1ffe03a8                PCIE_CTRL1_IRQ1_IRQHandler
                0x1ffe03a8                GPC_IRQHandler
                0x1ffe03a8                GPIO3_Combined_0_15_IRQHandler
                0x1ffe03a8                I2S56_DriverIRQHandler
                0x1ffe03a8                SCTR_IRQ1_IRQHandler
                0x1ffe03a8                GPMI_IRQHandler
                0x1ffe03a8                GPIO5_Combined_16_31_IRQHandler
                0x1ffe03a8                CPU_PerformanceUnit_IRQHandler
                0x1ffe03a8                PWM4_IRQHandler
                0x1ffe03a8                TZASC_IRQHandler
                0x1ffe03a8                MU_A53_IRQHandler
                0x1ffe03a8                USDHC3_DriverIRQHandler
                0x1ffe03a8                GPIO1_INT1_IRQHandler
                0x1ffe03a8                DDR_IRQHandler
                0x1ffe03a8                PCIE_CTRL1_IRQHandler
                0x1ffe03a8                HS_CP1_IRQHandler
                0x1ffe03a8                GPIO1_INT4_IRQHandler
                0x1ffe03a8                USDHC2_DriverIRQHandler
                0x1ffe03a8                MemManage_Handler
                0x1ffe03a8                Reserved90_IRQHandler
                0x1ffe03a8                GPT4_IRQHandler
                0x1ffe03a8                Reserved133_IRQHandler
                0x1ffe03a8                PDM_EVENT_DriverIRQHandler
                0x1ffe03a8                I2C4_DriverIRQHandler
                0x1ffe03a8                USB2_IRQHandler
                0x1ffe03a8                BCH_IRQHandler
                0x1ffe03a8                Reserved142_IRQHandler
                0x1ffe03a8                VPU_H1_IRQHandler
                0x1ffe03a8                GPIO1_INT3_IRQHandler
                0x1ffe03a8                GPIO1_Combined_0_15_IRQHandler
                0x1ffe03a8                I2C1_DriverIRQHandler
                0x1ffe03a8                Reserved91_IRQHandler
                0x1ffe03a8                Reserved127_IRQHandler
                0x1ffe03a8                SDMA3_DriverIRQHandler
                0x1ffe03a8                ECSPI1_DriverIRQHandler
                0x1ffe03a8                PCIE_CTRL1_IRQ3_IRQHandler
                0x1ffe03a8                PCIE_CTRL1_IRQ2_IRQHandler
                0x1ffe03a8                ENET1_DriverIRQHandler
                0x1ffe03a8                GPU3D_IRQHandler
                0x1ffe03a8                APBHDMA_DriverIRQHandler
                0x1ffe03a8                ENET1_MAC0_Rx_Tx_Done1_DriverIRQHandler
                0x1ffe03a8                GPIO2_Combined_16_31_IRQHandler
                0x1ffe03a8                SPDIF1_DriverIRQHandler
                0x1ffe03a8                CAAM_IRQ2_IRQHandler
                0x1ffe03a8                GPT2_IRQHandler
                0x1ffe03a8                RTIC_IRQHandler
                0x1ffe03a8                PDM_ERROR_IRQHandler
                0x1ffe03a8                GPT5_IRQHandler
                0x1ffe03a8                BusFault_Handler
                0x1ffe03a8                ENET1_1588_Timer_DriverIRQHandler
                0x1ffe03a8                PDM_HWVAD_ERROR_DriverIRQHandler
                0x1ffe03a8                GPIO4_Combined_16_31_IRQHandler
                0x1ffe03a8                Reserved93_IRQHandler
                0x1ffe03a8                ENET1_MAC0_Rx_Tx_Done2_DriverIRQHandler
                0x1ffe03a8                GPT6_IRQHandler
                0x1ffe03a8                PDM_HWVAD_EVENT_DriverIRQHandler
                0x1ffe03a8                CAAM_IRQ0_IRQHandler
                0x1ffe03a8                CCM_IRQ2_IRQHandler
                0x1ffe03a8                WDOG3_IRQHandler
                0x1ffe03a8                LCDIF_IRQHandler
                0x1ffe03ac                NMI_Handler
                0x1ffe03b0                HardFault_Handler
                0x1ffe03c0                SDMA1_IRQHandler
                0x1ffe03c4                SPDIF1_IRQHandler
                0x1ffe03c8                APBHDMA_IRQHandler
                0x1ffe03cc                USDHC1_IRQHandler
                0x1ffe03d0                USDHC2_IRQHandler
                0x1ffe03d4                USDHC3_IRQHandler
                0x1ffe03d8                UART1_IRQHandler
                0x1ffe03dc                UART2_IRQHandler
                0x1ffe03e0                UART3_IRQHandler
                0x1ffe03e4                UART4_IRQHandler
                0x1ffe03e8                ECSPI1_IRQHandler
                0x1ffe03ec                ECSPI2_IRQHandler
                0x1ffe03f0                ECSPI3_IRQHandler
                0x1ffe03f4                SDMA3_IRQHandler
                0x1ffe03f8                I2C1_IRQHandler
                0x1ffe03fc                I2C2_IRQHandler
                0x1ffe0400                I2C3_IRQHandler
                0x1ffe0404                I2C4_IRQHandler
                0x1ffe0408                PDM_HWVAD_EVENT_IRQHandler
                0x1ffe040c                PDM_HWVAD_ERROR_IRQHandler
                0x1ffe0410                I2S3_IRQHandler
                0x1ffe0414                I2S56_IRQHandler
                0x1ffe0418                I2S1_IRQHandler
                0x1ffe041c                I2S2_IRQHandler
                0x1ffe0420                SDMA2_IRQHandler
                0x1ffe0424                QSPI_IRQHandler
                0x1ffe0428                PDM_EVENT_IRQHandler
                0x1ffe042c                ENET1_MAC0_Rx_Tx_Done1_IRQHandler
                0x1ffe0430                ENET1_MAC0_Rx_Tx_Done2_IRQHandler
                0x1ffe0434                ENET1_IRQHandler
                0x1ffe0438                ENET1_1588_Timer_IRQHandler
 .text          0x1ffe04cc       0xa0 CMakeFiles/rpmsg_cortexm_console_rtos_linux_remote.elf.dir/data/cadeniyi/sdk/devices/MIMX8MM6/utilities/fsl_memcpy.S.obj
                0x1ffe04cc                memcpy
 .text          0x1ffe056c       0x10 /data/cadeniyi/arm-gnu-toolchain-13.2.Rel1-x86_64-arm-none-eabi/bin/../lib/gcc/arm-none-eabi/13.2.1/../../../../arm-none-eabi/lib/thumb/v7e-m+fp/hard/libc_nano.a(libc_a-strlen.o)
                0x1ffe056c                strlen
 *fill*         0x1ffe057c        0x4 
 .text          0x1ffe0580       0xa0 /data/cadeniyi/arm-gnu-toolchain-13.2.Rel1-x86_64-arm-none-eabi/bin/../lib/gcc/arm-none-eabi/13.2.1/../../../../arm-none-eabi/lib/thumb/v7e-m+fp/hard/libc_nano.a(libc_a-memchr.o)
                0x1ffe0580                memchr
 .text          0x1ffe0620       0x30 /data/cadeniyi/arm-gnu-toolchain-13.2.Rel1-x86_64-arm-none-eabi/bin/../lib/gcc/arm-none-eabi/13.2.1/thumb/v7e-m+fp/hard/libgcc.a(_aeabi_uldivmod.o)
                0x1ffe0620                __aeabi_uldivmod
 .text          0x1ffe0650        0x4 /data/cadeniyi/arm-gnu-toolchain-13.2.Rel1-x86_64-arm-none-eabi/bin/../lib/gcc/arm-none-eabi/13.2.1/thumb/v7e-m+fp/hard/libgcc.a(_dvmd_tls.o)
                0x1ffe0650                __aeabi_ldiv0
                0x1ffe0650                __aeabi_idiv0
 *(.text*)
 .text.deregister_tm_clones
                0x1ffe0654       0x1c /data/cadeniyi/arm-gnu-toolchain-13.2.Rel1-x86_64-arm-none-eabi/bin/../lib/gcc/arm-none-eabi/13.2.1/thumb/v7e-m+fp/hard/crtbegin.o
 .text.register_tm_clones
                0x1ffe0670       0x24 /data/cadeniyi/arm-gnu-toolchain-13.2.Rel1-x86_64-arm-none-eabi/bin/../lib/gcc/arm-none-eabi/13.2.1/thumb/v7e-m+fp/hard/crtbegin.o
 .text.__do_global_dtors_aux
                0x1ffe0694       0x28 /data/cadeniyi/arm-gnu-toolchain-13.2.Rel1-x86_64-arm-none-eabi/bin/../lib/gcc/arm-none-eabi/13.2.1/thumb/v7e-m+fp/hard/crtbegin.o
 .text.frame_dummy
                0x1ffe06bc       0x24 /data/cadeniyi/arm-gnu-toolchain-13.2.Rel1-x86_64-arm-none-eabi/bin/../lib/gcc/arm-none-eabi/13.2.1/thumb/v7e-m+fp/hard/crtbegin.o
 .text.app_nameservice_isr_cb
                0x1ffe06e0        0x2 CMakeFiles/rpmsg_cortexm_console_rtos_linux_remote.elf.dir/data/cadeniyi/sdk/boards/evkmimx8mm/multicore_examples/rpmsg_cortexm_console_rtos/linux_remote/main_remote.c.obj
 *fill*         0x1ffe06e2        0x2 
 .text.A53_asleep
                0x1ffe06e4       0x14 CMakeFiles/rpmsg_cortexm_console_rtos_linux_remote.elf.dir/data/cadeniyi/sdk/boards/evkmimx8mm/multicore_examples/rpmsg_cortexm_console_rtos/linux_remote/main_remote.c.obj
                0x1ffe06e4                A53_asleep
 .text.rpmsg_printf
                0x1ffe06f8       0x44 CMakeFiles/rpmsg_cortexm_console_rtos_linux_remote.elf.dir/data/cadeniyi/sdk/boards/evkmimx8mm/multicore_examples/rpmsg_cortexm_console_rtos/linux_remote/main_remote.c.obj
                0x1ffe06f8                rpmsg_printf
 .text.app_task
                0x1ffe073c      0x140 CMakeFiles/rpmsg_cortexm_console_rtos_linux_remote.elf.dir/data/cadeniyi/sdk/boards/evkmimx8mm/multicore_examples/rpmsg_cortexm_console_rtos/linux_remote/main_remote.c.obj
 .text.app_create_task
                0x1ffe087c       0x3c CMakeFiles/rpmsg_cortexm_console_rtos_linux_remote.elf.dir/data/cadeniyi/sdk/boards/evkmimx8mm/multicore_examples/rpmsg_cortexm_console_rtos/linux_remote/main_remote.c.obj
                0x1ffe087c                app_create_task
 .text.startup.main
                0x1ffe08b8       0x38 CMakeFiles/rpmsg_cortexm_console_rtos_linux_remote.elf.dir/data/cadeniyi/sdk/boards/evkmimx8mm/multicore_examples/rpmsg_cortexm_console_rtos/linux_remote/main_remote.c.obj
                0x1ffe08b8                main
 .text.BOARD_InitPins
                0x1ffe08f0       0x24 CMakeFiles/rpmsg_cortexm_console_rtos_linux_remote.elf.dir/data/cadeniyi/sdk/boards/evkmimx8mm/multicore_examples/rpmsg_cortexm_console_rtos/linux_remote/pin_mux.c.obj
                0x1ffe08f0                BOARD_InitPins
 .text.BOARD_InitBootPins
                0x1ffe0914        0x4 CMakeFiles/rpmsg_cortexm_console_rtos_linux_remote.elf.dir/data/cadeniyi/sdk/boards/evkmimx8mm/multicore_examples/rpmsg_cortexm_console_rtos/linux_remote/pin_mux.c.obj
                0x1ffe0914                BOARD_InitBootPins
 .text.copyResourceTable
                0x1ffe0918       0x28 CMakeFiles/rpmsg_cortexm_console_rtos_linux_remote.elf.dir/data/cadeniyi/sdk/boards/evkmimx8mm/multicore_examples/rpmsg_cortexm_console_rtos/linux_remote/rsc_table.c.obj
                0x1ffe0918                copyResourceTable
 .text.BOARD_InitDebugConsole
                0x1ffe0940       0x50 CMakeFiles/rpmsg_cortexm_console_rtos_linux_remote.elf.dir/data/cadeniyi/sdk/boards/evkmimx8mm/multicore_examples/rpmsg_cortexm_console_rtos/linux_remote/board.c.obj
                0x1ffe0940                BOARD_InitDebugConsole
 .text.BOARD_InitMemory
                0x1ffe0990       0xb0 CMakeFiles/rpmsg_cortexm_console_rtos_linux_remote.elf.dir/data/cadeniyi/sdk/boards/evkmimx8mm/multicore_examples/rpmsg_cortexm_console_rtos/linux_remote/board.c.obj
                0x1ffe0990                BOARD_InitMemory
 .text.BOARD_RdcInit
                0x1ffe0a40       0x90 CMakeFiles/rpmsg_cortexm_console_rtos_linux_remote.elf.dir/data/cadeniyi/sdk/boards/evkmimx8mm/multicore_examples/rpmsg_cortexm_console_rtos/linux_remote/board.c.obj
                0x1ffe0a40                BOARD_RdcInit
 .text.BOARD_BootClockRUN
                0x1ffe0ad0      0x110 CMakeFiles/rpmsg_cortexm_console_rtos_linux_remote.elf.dir/data/cadeniyi/sdk/boards/evkmimx8mm/multicore_examples/rpmsg_cortexm_console_rtos/linux_remote/clock_config.c.obj
                0x1ffe0ad0                BOARD_BootClockRUN
 .text.HAL_UartInit
                0x1ffe0be0       0x6c CMakeFiles/rpmsg_cortexm_console_rtos_linux_remote.elf.dir/data/cadeniyi/sdk/components/uart/fsl_adapter_iuart.c.obj
                0x1ffe0be0                HAL_UartInit
 .text.HAL_UartSendBlocking
                0x1ffe0c4c       0x18 CMakeFiles/rpmsg_cortexm_console_rtos_linux_remote.elf.dir/data/cadeniyi/sdk/components/uart/fsl_adapter_iuart.c.obj
                0x1ffe0c4c                HAL_UartSendBlocking
 .text.SerialManager_Init
                0x1ffe0c64       0x2a CMakeFiles/rpmsg_cortexm_console_rtos_linux_remote.elf.dir/data/cadeniyi/sdk/components/serial_manager/fsl_component_serial_manager.c.obj
                0x1ffe0c64                SerialManager_Init
 .text.SerialManager_OpenWriteHandle
                0x1ffe0c8e       0x26 CMakeFiles/rpmsg_cortexm_console_rtos_linux_remote.elf.dir/data/cadeniyi/sdk/components/serial_manager/fsl_component_serial_manager.c.obj
                0x1ffe0c8e                SerialManager_OpenWriteHandle
 .text.SerialManager_OpenReadHandle
                0x1ffe0cb4       0x2c CMakeFiles/rpmsg_cortexm_console_rtos_linux_remote.elf.dir/data/cadeniyi/sdk/components/serial_manager/fsl_component_serial_manager.c.obj
                0x1ffe0cb4                SerialManager_OpenReadHandle
 .text.SerialManager_WriteBlocking
                0x1ffe0ce0       0x14 CMakeFiles/rpmsg_cortexm_console_rtos_linux_remote.elf.dir/data/cadeniyi/sdk/components/serial_manager/fsl_component_serial_manager.c.obj
                0x1ffe0ce0                SerialManager_WriteBlocking
 .text.Serial_UartInit
                0x1ffe0cf4        0x4 CMakeFiles/rpmsg_cortexm_console_rtos_linux_remote.elf.dir/data/cadeniyi/sdk/components/serial_manager/fsl_component_serial_port_uart.c.obj
                0x1ffe0cf4                Serial_UartInit
 .text.Serial_UartWrite
                0x1ffe0cf8        0x4 CMakeFiles/rpmsg_cortexm_console_rtos_linux_remote.elf.dir/data/cadeniyi/sdk/components/serial_manager/fsl_component_serial_port_uart.c.obj
                0x1ffe0cf8                Serial_UartWrite
 .text.GetFracPllFreq
                0x1ffe0cfc       0x44 CMakeFiles/rpmsg_cortexm_console_rtos_linux_remote.elf.dir/data/cadeniyi/sdk/devices/MIMX8MM6/system_MIMX8MM6_cm4.c.obj
                0x1ffe0cfc                GetFracPllFreq
 .text.GetIntegerPllFreq
                0x1ffe0d40       0x44 CMakeFiles/rpmsg_cortexm_console_rtos_linux_remote.elf.dir/data/cadeniyi/sdk/devices/MIMX8MM6/system_MIMX8MM6_cm4.c.obj
                0x1ffe0d40                GetIntegerPllFreq
 .text.SystemCoreClockUpdate
                0x1ffe0d84       0x9c CMakeFiles/rpmsg_cortexm_console_rtos_linux_remote.elf.dir/data/cadeniyi/sdk/devices/MIMX8MM6/system_MIMX8MM6_cm4.c.obj
                0x1ffe0d84                SystemCoreClockUpdate
 .text.SystemInitHook
                0x1ffe0e20        0x2 CMakeFiles/rpmsg_cortexm_console_rtos_linux_remote.elf.dir/data/cadeniyi/sdk/devices/MIMX8MM6/system_MIMX8MM6_cm4.c.obj
                0x1ffe0e20                SystemInitHook
 *fill*         0x1ffe0e22        0x2 
 .text.SystemInit
                0x1ffe0e24       0x74 CMakeFiles/rpmsg_cortexm_console_rtos_linux_remote.elf.dir/data/cadeniyi/sdk/devices/MIMX8MM6/system_MIMX8MM6_cm4.c.obj
                0x1ffe0e24                SystemInit
 .text.CLOCK_GetPllRefClkFreq
                0x1ffe0e98       0x20 CMakeFiles/rpmsg_cortexm_console_rtos_linux_remote.elf.dir/data/cadeniyi/sdk/devices/MIMX8MM6/drivers/fsl_clock.c.obj
                0x1ffe0e98                CLOCK_GetPllRefClkFreq
 .text.CLOCK_InitFracPll
                0x1ffe0eb8       0x54 CMakeFiles/rpmsg_cortexm_console_rtos_linux_remote.elf.dir/data/cadeniyi/sdk/devices/MIMX8MM6/drivers/fsl_clock.c.obj
                0x1ffe0eb8                CLOCK_InitFracPll
 .text.CLOCK_InitAudioPll1
                0x1ffe0f0c       0x28 CMakeFiles/rpmsg_cortexm_console_rtos_linux_remote.elf.dir/data/cadeniyi/sdk/devices/MIMX8MM6/drivers/fsl_clock.c.obj
                0x1ffe0f0c                CLOCK_InitAudioPll1
 .text.CLOCK_InitAudioPll2
                0x1ffe0f34       0x2c CMakeFiles/rpmsg_cortexm_console_rtos_linux_remote.elf.dir/data/cadeniyi/sdk/devices/MIMX8MM6/drivers/fsl_clock.c.obj
                0x1ffe0f34                CLOCK_InitAudioPll2
 .text.CLOCK_GetFracPllFreq
                0x1ffe0f60       0x40 CMakeFiles/rpmsg_cortexm_console_rtos_linux_remote.elf.dir/data/cadeniyi/sdk/devices/MIMX8MM6/drivers/fsl_clock.c.obj
                0x1ffe0f60                CLOCK_GetFracPllFreq
 .text.CLOCK_GetIntegerPllFreq
                0x1ffe0fa0       0x36 CMakeFiles/rpmsg_cortexm_console_rtos_linux_remote.elf.dir/data/cadeniyi/sdk/devices/MIMX8MM6/drivers/fsl_clock.c.obj
                0x1ffe0fa0                CLOCK_GetIntegerPllFreq
 *fill*         0x1ffe0fd6        0x2 
 .text.CLOCK_GetPllFreq
                0x1ffe0fd8       0xe0 CMakeFiles/rpmsg_cortexm_console_rtos_linux_remote.elf.dir/data/cadeniyi/sdk/devices/MIMX8MM6/drivers/fsl_clock.c.obj
                0x1ffe0fd8                CLOCK_GetPllFreq
 .text.CLOCK_SetRootDivider
                0x1ffe10b8       0x20 CMakeFiles/rpmsg_cortexm_console_rtos_linux_remote.elf.dir/data/cadeniyi/sdk/devices/MIMX8MM6/drivers/fsl_clock.c.obj
                0x1ffe10b8                CLOCK_SetRootDivider
 .text.CLOCK_EnableClock
                0x1ffe10d8       0x26 CMakeFiles/rpmsg_cortexm_console_rtos_linux_remote.elf.dir/data/cadeniyi/sdk/devices/MIMX8MM6/drivers/fsl_clock.c.obj
                0x1ffe10d8                CLOCK_EnableClock
 *fill*         0x1ffe10fe        0x2 
 .text.SDK_DelayAtLeastUs
                0x1ffe1100       0x20 CMakeFiles/rpmsg_cortexm_console_rtos_linux_remote.elf.dir/data/cadeniyi/sdk/devices/MIMX8MM6/drivers/fsl_common_arm.c.obj
                0x1ffe1100                SDK_DelayAtLeastUs
 .text.UART_GetInstance
                0x1ffe1120       0x38 CMakeFiles/rpmsg_cortexm_console_rtos_linux_remote.elf.dir/data/cadeniyi/sdk/devices/MIMX8MM6/drivers/fsl_uart.c.obj
                0x1ffe1120                UART_GetInstance
 .text.UART_GetDefaultConfig
                0x1ffe1158       0x28 CMakeFiles/rpmsg_cortexm_console_rtos_linux_remote.elf.dir/data/cadeniyi/sdk/devices/MIMX8MM6/drivers/fsl_uart.c.obj
                0x1ffe1158                UART_GetDefaultConfig
 .text.UART_SetBaudRate
                0x1ffe1180      0x138 CMakeFiles/rpmsg_cortexm_console_rtos_linux_remote.elf.dir/data/cadeniyi/sdk/devices/MIMX8MM6/drivers/fsl_uart.c.obj
                0x1ffe1180                UART_SetBaudRate
 .text.UART_Init
                0x1ffe12b8      0x140 CMakeFiles/rpmsg_cortexm_console_rtos_linux_remote.elf.dir/data/cadeniyi/sdk/devices/MIMX8MM6/drivers/fsl_uart.c.obj
                0x1ffe12b8                UART_Init
 .text.UART_WriteBlocking
                0x1ffe13f8       0x22 CMakeFiles/rpmsg_cortexm_console_rtos_linux_remote.elf.dir/data/cadeniyi/sdk/devices/MIMX8MM6/drivers/fsl_uart.c.obj
                0x1ffe13f8                UART_WriteBlocking
 *fill*         0x1ffe141a        0x2 
 .text.UART1_DriverIRQHandler
                0x1ffe141c       0x20 CMakeFiles/rpmsg_cortexm_console_rtos_linux_remote.elf.dir/data/cadeniyi/sdk/devices/MIMX8MM6/drivers/fsl_uart.c.obj
                0x1ffe141c                UART1_DriverIRQHandler
 .text.UART2_DriverIRQHandler
                0x1ffe143c       0x20 CMakeFiles/rpmsg_cortexm_console_rtos_linux_remote.elf.dir/data/cadeniyi/sdk/devices/MIMX8MM6/drivers/fsl_uart.c.obj
                0x1ffe143c                UART2_DriverIRQHandler
 .text.UART3_DriverIRQHandler
                0x1ffe145c       0x20 CMakeFiles/rpmsg_cortexm_console_rtos_linux_remote.elf.dir/data/cadeniyi/sdk/devices/MIMX8MM6/drivers/fsl_uart.c.obj
                0x1ffe145c                UART3_DriverIRQHandler
 .text.UART4_DriverIRQHandler
                0x1ffe147c       0x20 CMakeFiles/rpmsg_cortexm_console_rtos_linux_remote.elf.dir/data/cadeniyi/sdk/devices/MIMX8MM6/drivers/fsl_uart.c.obj
                0x1ffe147c                UART4_DriverIRQHandler
 .text.MU_Init  0x1ffe149c        0x8 CMakeFiles/rpmsg_cortexm_console_rtos_linux_remote.elf.dir/data/cadeniyi/sdk/devices/MIMX8MM6/drivers/fsl_mu.c.obj
                0x1ffe149c                MU_Init
 .text.MU_SendMsg
                0x1ffe14a4       0x14 CMakeFiles/rpmsg_cortexm_console_rtos_linux_remote.elf.dir/data/cadeniyi/sdk/devices/MIMX8MM6/drivers/fsl_mu.c.obj
                0x1ffe14a4                MU_SendMsg
 .text.RDC_SetMasterDomainAssignment
                0x1ffe14b8        0xa CMakeFiles/rpmsg_cortexm_console_rtos_linux_remote.elf.dir/data/cadeniyi/sdk/devices/MIMX8MM6/drivers/fsl_rdc.c.obj
                0x1ffe14b8                RDC_SetMasterDomainAssignment
 .text.xEventGroupCreate
                0x1ffe14c2       0x1a CMakeFiles/rpmsg_cortexm_console_rtos_linux_remote.elf.dir/data/cadeniyi/sdk/rtos/freertos/freertos-kernel/event_groups.c.obj
                0x1ffe14c2                xEventGroupCreate
 .text.xEventGroupWaitBits
                0x1ffe14dc      0x110 CMakeFiles/rpmsg_cortexm_console_rtos_linux_remote.elf.dir/data/cadeniyi/sdk/rtos/freertos/freertos-kernel/event_groups.c.obj
                0x1ffe14dc                xEventGroupWaitBits
 .text.xEventGroupClearBits
                0x1ffe15ec       0x46 CMakeFiles/rpmsg_cortexm_console_rtos_linux_remote.elf.dir/data/cadeniyi/sdk/rtos/freertos/freertos-kernel/event_groups.c.obj
                0x1ffe15ec                xEventGroupClearBits
 .text.xEventGroupSetBits
                0x1ffe1632       0x88 CMakeFiles/rpmsg_cortexm_console_rtos_linux_remote.elf.dir/data/cadeniyi/sdk/rtos/freertos/freertos-kernel/event_groups.c.obj
                0x1ffe1632                xEventGroupSetBits
 .text.vEventGroupSetBitsCallback
                0x1ffe16ba        0x4 CMakeFiles/rpmsg_cortexm_console_rtos_linux_remote.elf.dir/data/cadeniyi/sdk/rtos/freertos/freertos-kernel/event_groups.c.obj
                0x1ffe16ba                vEventGroupSetBitsCallback
 *fill*         0x1ffe16be        0x2 
 .text.xEventGroupSetBitsFromISR
                0x1ffe16c0       0x10 CMakeFiles/rpmsg_cortexm_console_rtos_linux_remote.elf.dir/data/cadeniyi/sdk/rtos/freertos/freertos-kernel/event_groups.c.obj
                0x1ffe16c0                xEventGroupSetBitsFromISR
 .text.vListInitialise
                0x1ffe16d0       0x16 CMakeFiles/rpmsg_cortexm_console_rtos_linux_remote.elf.dir/data/cadeniyi/sdk/rtos/freertos/freertos-kernel/list.c.obj
                0x1ffe16d0                vListInitialise
 .text.vListInitialiseItem
                0x1ffe16e6        0x6 CMakeFiles/rpmsg_cortexm_console_rtos_linux_remote.elf.dir/data/cadeniyi/sdk/rtos/freertos/freertos-kernel/list.c.obj
                0x1ffe16e6                vListInitialiseItem
 .text.vListInsert
                0x1ffe16ec       0x2e CMakeFiles/rpmsg_cortexm_console_rtos_linux_remote.elf.dir/data/cadeniyi/sdk/rtos/freertos/freertos-kernel/list.c.obj
                0x1ffe16ec                vListInsert
 .text.uxListRemove
                0x1ffe171a       0x20 CMakeFiles/rpmsg_cortexm_console_rtos_linux_remote.elf.dir/data/cadeniyi/sdk/rtos/freertos/freertos-kernel/list.c.obj
                0x1ffe171a                uxListRemove
 .text.prvIsQueueEmpty
                0x1ffe173a       0x16 CMakeFiles/rpmsg_cortexm_console_rtos_linux_remote.elf.dir/data/cadeniyi/sdk/rtos/freertos/freertos-kernel/queue.c.obj
 .text.prvCopyDataToQueue
                0x1ffe1750       0x66 CMakeFiles/rpmsg_cortexm_console_rtos_linux_remote.elf.dir/data/cadeniyi/sdk/rtos/freertos/freertos-kernel/queue.c.obj
 .text.prvCopyDataFromQueue
                0x1ffe17b6       0x2c CMakeFiles/rpmsg_cortexm_console_rtos_linux_remote.elf.dir/data/cadeniyi/sdk/rtos/freertos/freertos-kernel/queue.c.obj
 .text.prvUnlockQueue
                0x1ffe17e2       0x6c CMakeFiles/rpmsg_cortexm_console_rtos_linux_remote.elf.dir/data/cadeniyi/sdk/rtos/freertos/freertos-kernel/queue.c.obj
 .text.xQueueGenericReset
                0x1ffe184e       0x9a CMakeFiles/rpmsg_cortexm_console_rtos_linux_remote.elf.dir/data/cadeniyi/sdk/rtos/freertos/freertos-kernel/queue.c.obj
                0x1ffe184e                xQueueGenericReset
 .text.xQueueGenericCreate
                0x1ffe18e8       0x54 CMakeFiles/rpmsg_cortexm_console_rtos_linux_remote.elf.dir/data/cadeniyi/sdk/rtos/freertos/freertos-kernel/queue.c.obj
                0x1ffe18e8                xQueueGenericCreate
 .text.xQueueCreateCountingSemaphore
                0x1ffe193c       0x2a CMakeFiles/rpmsg_cortexm_console_rtos_linux_remote.elf.dir/data/cadeniyi/sdk/rtos/freertos/freertos-kernel/queue.c.obj
                0x1ffe193c                xQueueCreateCountingSemaphore
 .text.xQueueGenericSend
                0x1ffe1966      0x164 CMakeFiles/rpmsg_cortexm_console_rtos_linux_remote.elf.dir/data/cadeniyi/sdk/rtos/freertos/freertos-kernel/queue.c.obj
                0x1ffe1966                xQueueGenericSend
 .text.xQueueGenericSendFromISR
                0x1ffe1aca       0xd8 CMakeFiles/rpmsg_cortexm_console_rtos_linux_remote.elf.dir/data/cadeniyi/sdk/rtos/freertos/freertos-kernel/queue.c.obj
                0x1ffe1aca                xQueueGenericSendFromISR
 .text.xQueueReceive
                0x1ffe1ba2      0x13c CMakeFiles/rpmsg_cortexm_console_rtos_linux_remote.elf.dir/data/cadeniyi/sdk/rtos/freertos/freertos-kernel/queue.c.obj
                0x1ffe1ba2                xQueueReceive
 .text.xQueueSemaphoreTake
                0x1ffe1cde      0x168 CMakeFiles/rpmsg_cortexm_console_rtos_linux_remote.elf.dir/data/cadeniyi/sdk/rtos/freertos/freertos-kernel/queue.c.obj
                0x1ffe1cde                xQueueSemaphoreTake
 .text.xQueueReceiveFromISR
                0x1ffe1e46       0xb8 CMakeFiles/rpmsg_cortexm_console_rtos_linux_remote.elf.dir/data/cadeniyi/sdk/rtos/freertos/freertos-kernel/queue.c.obj
                0x1ffe1e46                xQueueReceiveFromISR
 *fill*         0x1ffe1efe        0x2 
 .text.vQueueAddToRegistry
                0x1ffe1f00       0x50 CMakeFiles/rpmsg_cortexm_console_rtos_linux_remote.elf.dir/data/cadeniyi/sdk/rtos/freertos/freertos-kernel/queue.c.obj
                0x1ffe1f00                vQueueAddToRegistry
 .text.vQueueWaitForMessageRestricted
                0x1ffe1f50       0x46 CMakeFiles/rpmsg_cortexm_console_rtos_linux_remote.elf.dir/data/cadeniyi/sdk/rtos/freertos/freertos-kernel/queue.c.obj
                0x1ffe1f50                vQueueWaitForMessageRestricted
 *fill*         0x1ffe1f96        0x2 
 .text.prvIdleTask
                0x1ffe1f98       0x24 CMakeFiles/rpmsg_cortexm_console_rtos_linux_remote.elf.dir/data/cadeniyi/sdk/rtos/freertos/freertos-kernel/tasks.c.obj
 .text.prvAddCurrentTaskToDelayedList
                0x1ffe1fbc       0xa0 CMakeFiles/rpmsg_cortexm_console_rtos_linux_remote.elf.dir/data/cadeniyi/sdk/rtos/freertos/freertos-kernel/tasks.c.obj
 .text.prvResetNextTaskUnblockTime
                0x1ffe205c       0x24 CMakeFiles/rpmsg_cortexm_console_rtos_linux_remote.elf.dir/data/cadeniyi/sdk/rtos/freertos/freertos-kernel/tasks.c.obj
 .text.xTaskCreate
                0x1ffe2080      0x1cc CMakeFiles/rpmsg_cortexm_console_rtos_linux_remote.elf.dir/data/cadeniyi/sdk/rtos/freertos/freertos-kernel/tasks.c.obj
                0x1ffe2080                xTaskCreate
 .text.vTaskStartScheduler
                0x1ffe224c       0x80 CMakeFiles/rpmsg_cortexm_console_rtos_linux_remote.elf.dir/data/cadeniyi/sdk/rtos/freertos/freertos-kernel/tasks.c.obj
                0x1ffe224c                vTaskStartScheduler
 .text.vTaskSuspendAll
                0x1ffe22cc       0x10 CMakeFiles/rpmsg_cortexm_console_rtos_linux_remote.elf.dir/data/cadeniyi/sdk/rtos/freertos/freertos-kernel/tasks.c.obj
                0x1ffe22cc                vTaskSuspendAll
 .text.xTaskGetTickCount
                0x1ffe22dc        0xc CMakeFiles/rpmsg_cortexm_console_rtos_linux_remote.elf.dir/data/cadeniyi/sdk/rtos/freertos/freertos-kernel/tasks.c.obj
                0x1ffe22dc                xTaskGetTickCount
 .text.uxTaskGetNumberOfTasks
                0x1ffe22e8        0xc CMakeFiles/rpmsg_cortexm_console_rtos_linux_remote.elf.dir/data/cadeniyi/sdk/rtos/freertos/freertos-kernel/tasks.c.obj
                0x1ffe22e8                uxTaskGetNumberOfTasks
 .text.xTaskIncrementTick
                0x1ffe22f4      0x154 CMakeFiles/rpmsg_cortexm_console_rtos_linux_remote.elf.dir/data/cadeniyi/sdk/rtos/freertos/freertos-kernel/tasks.c.obj
                0x1ffe22f4                xTaskIncrementTick
 .text.xTaskResumeAll
                0x1ffe2448      0x13c CMakeFiles/rpmsg_cortexm_console_rtos_linux_remote.elf.dir/data/cadeniyi/sdk/rtos/freertos/freertos-kernel/tasks.c.obj
                0x1ffe2448                xTaskResumeAll
 .text.vTaskDelay
                0x1ffe2584       0x48 CMakeFiles/rpmsg_cortexm_console_rtos_linux_remote.elf.dir/data/cadeniyi/sdk/rtos/freertos/freertos-kernel/tasks.c.obj
                0x1ffe2584                vTaskDelay
 .text.vTaskSwitchContext
                0x1ffe25cc       0x74 CMakeFiles/rpmsg_cortexm_console_rtos_linux_remote.elf.dir/data/cadeniyi/sdk/rtos/freertos/freertos-kernel/tasks.c.obj
                0x1ffe25cc                vTaskSwitchContext
 .text.vTaskPlaceOnEventList
                0x1ffe2640       0x34 CMakeFiles/rpmsg_cortexm_console_rtos_linux_remote.elf.dir/data/cadeniyi/sdk/rtos/freertos/freertos-kernel/tasks.c.obj
                0x1ffe2640                vTaskPlaceOnEventList
 .text.vTaskPlaceOnUnorderedEventList
                0x1ffe2674       0x70 CMakeFiles/rpmsg_cortexm_console_rtos_linux_remote.elf.dir/data/cadeniyi/sdk/rtos/freertos/freertos-kernel/tasks.c.obj
                0x1ffe2674                vTaskPlaceOnUnorderedEventList
 .text.vTaskPlaceOnEventListRestricted
                0x1ffe26e4       0x54 CMakeFiles/rpmsg_cortexm_console_rtos_linux_remote.elf.dir/data/cadeniyi/sdk/rtos/freertos/freertos-kernel/tasks.c.obj
                0x1ffe26e4                vTaskPlaceOnEventListRestricted
 .text.xTaskRemoveFromEventList
                0x1ffe2738       0xcc CMakeFiles/rpmsg_cortexm_console_rtos_linux_remote.elf.dir/data/cadeniyi/sdk/rtos/freertos/freertos-kernel/tasks.c.obj
                0x1ffe2738                xTaskRemoveFromEventList
 .text.vTaskRemoveFromUnorderedEventList
                0x1ffe2804       0xc4 CMakeFiles/rpmsg_cortexm_console_rtos_linux_remote.elf.dir/data/cadeniyi/sdk/rtos/freertos/freertos-kernel/tasks.c.obj
                0x1ffe2804                vTaskRemoveFromUnorderedEventList
 .text.vTaskInternalSetTimeOutState
                0x1ffe28c8       0x18 CMakeFiles/rpmsg_cortexm_console_rtos_linux_remote.elf.dir/data/cadeniyi/sdk/rtos/freertos/freertos-kernel/tasks.c.obj
                0x1ffe28c8                vTaskInternalSetTimeOutState
 .text.xTaskCheckForTimeOut
                0x1ffe28e0       0x78 CMakeFiles/rpmsg_cortexm_console_rtos_linux_remote.elf.dir/data/cadeniyi/sdk/rtos/freertos/freertos-kernel/tasks.c.obj
                0x1ffe28e0                xTaskCheckForTimeOut
 .text.vTaskMissedYield
                0x1ffe2958        0xc CMakeFiles/rpmsg_cortexm_console_rtos_linux_remote.elf.dir/data/cadeniyi/sdk/rtos/freertos/freertos-kernel/tasks.c.obj
                0x1ffe2958                vTaskMissedYield
 .text.xTaskGetSchedulerState
                0x1ffe2964       0x20 CMakeFiles/rpmsg_cortexm_console_rtos_linux_remote.elf.dir/data/cadeniyi/sdk/rtos/freertos/freertos-kernel/tasks.c.obj
                0x1ffe2964                xTaskGetSchedulerState
 .text.xTaskPriorityInherit
                0x1ffe2984       0xa0 CMakeFiles/rpmsg_cortexm_console_rtos_linux_remote.elf.dir/data/cadeniyi/sdk/rtos/freertos/freertos-kernel/tasks.c.obj
                0x1ffe2984                xTaskPriorityInherit
 .text.xTaskPriorityDisinherit
                0x1ffe2a24       0xa4 CMakeFiles/rpmsg_cortexm_console_rtos_linux_remote.elf.dir/data/cadeniyi/sdk/rtos/freertos/freertos-kernel/tasks.c.obj
                0x1ffe2a24                xTaskPriorityDisinherit
 .text.vTaskPriorityDisinheritAfterTimeout
                0x1ffe2ac8       0xb4 CMakeFiles/rpmsg_cortexm_console_rtos_linux_remote.elf.dir/data/cadeniyi/sdk/rtos/freertos/freertos-kernel/tasks.c.obj
                0x1ffe2ac8                vTaskPriorityDisinheritAfterTimeout
 .text.uxTaskResetEventItemValue
                0x1ffe2b7c       0x18 CMakeFiles/rpmsg_cortexm_console_rtos_linux_remote.elf.dir/data/cadeniyi/sdk/rtos/freertos/freertos-kernel/tasks.c.obj
                0x1ffe2b7c                uxTaskResetEventItemValue
 .text.pvTaskIncrementMutexHeldCount
                0x1ffe2b94       0x18 CMakeFiles/rpmsg_cortexm_console_rtos_linux_remote.elf.dir/data/cadeniyi/sdk/rtos/freertos/freertos-kernel/tasks.c.obj
                0x1ffe2b94                pvTaskIncrementMutexHeldCount
 .text.prvInsertTimerInActiveList
                0x1ffe2bac       0x3c CMakeFiles/rpmsg_cortexm_console_rtos_linux_remote.elf.dir/data/cadeniyi/sdk/rtos/freertos/freertos-kernel/timers.c.obj
 .text.prvReloadTimer
                0x1ffe2be8       0x26 CMakeFiles/rpmsg_cortexm_console_rtos_linux_remote.elf.dir/data/cadeniyi/sdk/rtos/freertos/freertos-kernel/timers.c.obj
 *fill*         0x1ffe2c0e        0x2 
 .text.prvProcessExpiredTimer
                0x1ffe2c10       0x40 CMakeFiles/rpmsg_cortexm_console_rtos_linux_remote.elf.dir/data/cadeniyi/sdk/rtos/freertos/freertos-kernel/timers.c.obj
 .text.prvSampleTimeNow
                0x1ffe2c50       0x4c CMakeFiles/rpmsg_cortexm_console_rtos_linux_remote.elf.dir/data/cadeniyi/sdk/rtos/freertos/freertos-kernel/timers.c.obj
 .text.prvTimerTask
                0x1ffe2c9c      0x178 CMakeFiles/rpmsg_cortexm_console_rtos_linux_remote.elf.dir/data/cadeniyi/sdk/rtos/freertos/freertos-kernel/timers.c.obj
 .text.prvCheckForValidListAndQueue
                0x1ffe2e14       0x58 CMakeFiles/rpmsg_cortexm_console_rtos_linux_remote.elf.dir/data/cadeniyi/sdk/rtos/freertos/freertos-kernel/timers.c.obj
 .text.xTimerCreateTimerTask
                0x1ffe2e6c       0x4c CMakeFiles/rpmsg_cortexm_console_rtos_linux_remote.elf.dir/data/cadeniyi/sdk/rtos/freertos/freertos-kernel/timers.c.obj
                0x1ffe2e6c                xTimerCreateTimerTask
 .text.xTimerPendFunctionCallFromISR
                0x1ffe2eb8       0x28 CMakeFiles/rpmsg_cortexm_console_rtos_linux_remote.elf.dir/data/cadeniyi/sdk/rtos/freertos/freertos-kernel/timers.c.obj
                0x1ffe2eb8                xTimerPendFunctionCallFromISR
 .text.prvPortStartFirstTask
                0x1ffe2ee0       0x28 CMakeFiles/rpmsg_cortexm_console_rtos_linux_remote.elf.dir/data/cadeniyi/sdk/rtos/freertos/freertos-kernel/portable/GCC/ARM_CM4F/port.c.obj
 .text.vPortEnableVFP
                0x1ffe2f08       0x14 CMakeFiles/rpmsg_cortexm_console_rtos_linux_remote.elf.dir/data/cadeniyi/sdk/rtos/freertos/freertos-kernel/portable/GCC/ARM_CM4F/port.c.obj
 .text.prvTaskExitError
                0x1ffe2f1c       0x40 CMakeFiles/rpmsg_cortexm_console_rtos_linux_remote.elf.dir/data/cadeniyi/sdk/rtos/freertos/freertos-kernel/portable/GCC/ARM_CM4F/port.c.obj
 .text.pxPortInitialiseStack
                0x1ffe2f5c       0x2c CMakeFiles/rpmsg_cortexm_console_rtos_linux_remote.elf.dir/data/cadeniyi/sdk/rtos/freertos/freertos-kernel/portable/GCC/ARM_CM4F/port.c.obj
                0x1ffe2f5c                pxPortInitialiseStack
 *fill*         0x1ffe2f88        0x8 
 .text.SVC_Handler
                0x1ffe2f90       0x24 CMakeFiles/rpmsg_cortexm_console_rtos_linux_remote.elf.dir/data/cadeniyi/sdk/rtos/freertos/freertos-kernel/portable/GCC/ARM_CM4F/port.c.obj
                0x1ffe2f90                SVC_Handler
 .text.vPortEnterCritical
                0x1ffe2fb4       0x40 CMakeFiles/rpmsg_cortexm_console_rtos_linux_remote.elf.dir/data/cadeniyi/sdk/rtos/freertos/freertos-kernel/portable/GCC/ARM_CM4F/port.c.obj
                0x1ffe2fb4                vPortEnterCritical
 .text.vPortExitCritical
                0x1ffe2ff4       0x28 CMakeFiles/rpmsg_cortexm_console_rtos_linux_remote.elf.dir/data/cadeniyi/sdk/rtos/freertos/freertos-kernel/portable/GCC/ARM_CM4F/port.c.obj
                0x1ffe2ff4                vPortExitCritical
 *fill*         0x1ffe301c        0x4 
 .text.PendSV_Handler
                0x1ffe3020       0x64 CMakeFiles/rpmsg_cortexm_console_rtos_linux_remote.elf.dir/data/cadeniyi/sdk/rtos/freertos/freertos-kernel/portable/GCC/ARM_CM4F/port.c.obj
                0x1ffe3020                PendSV_Handler
 .text.SysTick_Handler
                0x1ffe3084       0x2c CMakeFiles/rpmsg_cortexm_console_rtos_linux_remote.elf.dir/data/cadeniyi/sdk/rtos/freertos/freertos-kernel/portable/GCC/ARM_CM4F/port.c.obj
                0x1ffe3084                SysTick_Handler
 .text.vPortSetupTimerInterrupt
                0x1ffe30b0       0x24 CMakeFiles/rpmsg_cortexm_console_rtos_linux_remote.elf.dir/data/cadeniyi/sdk/rtos/freertos/freertos-kernel/portable/GCC/ARM_CM4F/port.c.obj
                0x1ffe30b0                vPortSetupTimerInterrupt
 .text.xPortStartScheduler
                0x1ffe30d4      0x104 CMakeFiles/rpmsg_cortexm_console_rtos_linux_remote.elf.dir/data/cadeniyi/sdk/rtos/freertos/freertos-kernel/portable/GCC/ARM_CM4F/port.c.obj
                0x1ffe30d4                xPortStartScheduler
 .text.vPortValidateInterruptPriority
                0x1ffe31d8       0x5c CMakeFiles/rpmsg_cortexm_console_rtos_linux_remote.elf.dir/data/cadeniyi/sdk/rtos/freertos/freertos-kernel/portable/GCC/ARM_CM4F/port.c.obj
                0x1ffe31d8                vPortValidateInterruptPriority
 .text.prvInsertBlockIntoFreeList
                0x1ffe3234       0x4c CMakeFiles/rpmsg_cortexm_console_rtos_linux_remote.elf.dir/data/cadeniyi/sdk/rtos/freertos/freertos-kernel/portable/MemMang/heap_4.c.obj
 .text.pvPortMalloc
                0x1ffe3280      0x120 CMakeFiles/rpmsg_cortexm_console_rtos_linux_remote.elf.dir/data/cadeniyi/sdk/rtos/freertos/freertos-kernel/portable/MemMang/heap_4.c.obj
                0x1ffe3280                pvPortMalloc
 .text.vPortFree
                0x1ffe33a0       0x74 CMakeFiles/rpmsg_cortexm_console_rtos_linux_remote.elf.dir/data/cadeniyi/sdk/rtos/freertos/freertos-kernel/portable/MemMang/heap_4.c.obj
                0x1ffe33a0                vPortFree
 .text.add_to_list
                0x1ffe3414       0x1e CMakeFiles/rpmsg_cortexm_console_rtos_linux_remote.elf.dir/data/cadeniyi/sdk/middleware/multicore/rpmsg_lite/lib/common/llist.c.obj
                0x1ffe3414                add_to_list
 .text.virtqueue_notify
                0x1ffe3432        0x8 CMakeFiles/rpmsg_cortexm_console_rtos_linux_remote.elf.dir/data/cadeniyi/sdk/middleware/multicore/rpmsg_lite/lib/rpmsg_lite/rpmsg_lite.c.obj
 .text.rpmsg_lite_tx_callback
                0x1ffe343a       0x10 CMakeFiles/rpmsg_cortexm_console_rtos_linux_remote.elf.dir/data/cadeniyi/sdk/middleware/multicore/rpmsg_lite/lib/rpmsg_lite/rpmsg_lite.c.obj
 .text.vq_tx_remote
                0x1ffe344a        0xe CMakeFiles/rpmsg_cortexm_console_rtos_linux_remote.elf.dir/data/cadeniyi/sdk/middleware/multicore/rpmsg_lite/lib/rpmsg_lite/rpmsg_lite.c.obj
 .text.vq_rx_free_remote
                0x1ffe3458        0x4 CMakeFiles/rpmsg_cortexm_console_rtos_linux_remote.elf.dir/data/cadeniyi/sdk/middleware/multicore/rpmsg_lite/lib/rpmsg_lite/rpmsg_lite.c.obj
 .text.vq_tx_alloc_remote
                0x1ffe345c        0xa CMakeFiles/rpmsg_cortexm_console_rtos_linux_remote.elf.dir/data/cadeniyi/sdk/middleware/multicore/rpmsg_lite/lib/rpmsg_lite/rpmsg_lite.c.obj
 .text.rpmsg_lite_get_endpoint_from_addr.isra.0
                0x1ffe3466       0x10 CMakeFiles/rpmsg_cortexm_console_rtos_linux_remote.elf.dir/data/cadeniyi/sdk/middleware/multicore/rpmsg_lite/lib/rpmsg_lite/rpmsg_lite.c.obj
 .text.rpmsg_lite_rx_callback
                0x1ffe3476       0x56 CMakeFiles/rpmsg_cortexm_console_rtos_linux_remote.elf.dir/data/cadeniyi/sdk/middleware/multicore/rpmsg_lite/lib/rpmsg_lite/rpmsg_lite.c.obj
 .text.vq_rx_remote
                0x1ffe34cc        0xa CMakeFiles/rpmsg_cortexm_console_rtos_linux_remote.elf.dir/data/cadeniyi/sdk/middleware/multicore/rpmsg_lite/lib/rpmsg_lite/rpmsg_lite.c.obj
 .text.rpmsg_lite_create_ept
                0x1ffe34d6       0x8a CMakeFiles/rpmsg_cortexm_console_rtos_linux_remote.elf.dir/data/cadeniyi/sdk/middleware/multicore/rpmsg_lite/lib/rpmsg_lite/rpmsg_lite.c.obj
                0x1ffe34d6                rpmsg_lite_create_ept
 .text.rpmsg_lite_wait_for_link_up
                0x1ffe3560        0xe CMakeFiles/rpmsg_cortexm_console_rtos_linux_remote.elf.dir/data/cadeniyi/sdk/middleware/multicore/rpmsg_lite/lib/rpmsg_lite/rpmsg_lite.c.obj
                0x1ffe3560                rpmsg_lite_wait_for_link_up
 *fill*         0x1ffe356e        0x2 
 .text.rpmsg_lite_send
                0x1ffe3570       0xe8 CMakeFiles/rpmsg_cortexm_console_rtos_linux_remote.elf.dir/data/cadeniyi/sdk/middleware/multicore/rpmsg_lite/lib/rpmsg_lite/rpmsg_lite.c.obj
                0x1ffe3570                rpmsg_lite_send
 .text.rpmsg_lite_release_rx_buffer
                0x1ffe3658       0x40 CMakeFiles/rpmsg_cortexm_console_rtos_linux_remote.elf.dir/data/cadeniyi/sdk/middleware/multicore/rpmsg_lite/lib/rpmsg_lite/rpmsg_lite.c.obj
                0x1ffe3658                rpmsg_lite_release_rx_buffer
 .text.rpmsg_lite_remote_init
                0x1ffe3698      0x150 CMakeFiles/rpmsg_cortexm_console_rtos_linux_remote.elf.dir/data/cadeniyi/sdk/middleware/multicore/rpmsg_lite/lib/rpmsg_lite/rpmsg_lite.c.obj
                0x1ffe3698                rpmsg_lite_remote_init
 .text.rpmsg_ns_rx_cb
                0x1ffe37e8       0x1e CMakeFiles/rpmsg_cortexm_console_rtos_linux_remote.elf.dir/data/cadeniyi/sdk/middleware/multicore/rpmsg_lite/lib/rpmsg_lite/rpmsg_ns.c.obj
 *fill*         0x1ffe3806        0x2 
 .text.rpmsg_ns_bind
                0x1ffe3808       0x48 CMakeFiles/rpmsg_cortexm_console_rtos_linux_remote.elf.dir/data/cadeniyi/sdk/middleware/multicore/rpmsg_lite/lib/rpmsg_lite/rpmsg_ns.c.obj
                0x1ffe3808                rpmsg_ns_bind
 .text.rpmsg_ns_announce
                0x1ffe3850       0x40 CMakeFiles/rpmsg_cortexm_console_rtos_linux_remote.elf.dir/data/cadeniyi/sdk/middleware/multicore/rpmsg_lite/lib/rpmsg_lite/rpmsg_ns.c.obj
                0x1ffe3850                rpmsg_ns_announce
 .text.vq_ring_update_used
                0x1ffe3890       0x26 CMakeFiles/rpmsg_cortexm_console_rtos_linux_remote.elf.dir/data/cadeniyi/sdk/middleware/multicore/rpmsg_lite/lib/virtio/virtqueue.c.obj
 *fill*         0x1ffe38b6        0x2 
 .text.virtqueue_create
                0x1ffe38b8       0x94 CMakeFiles/rpmsg_cortexm_console_rtos_linux_remote.elf.dir/data/cadeniyi/sdk/middleware/multicore/rpmsg_lite/lib/virtio/virtqueue.c.obj
                0x1ffe38b8                virtqueue_create
 .text.virtqueue_get_buffer_length
                0x1ffe394c        0xa CMakeFiles/rpmsg_cortexm_console_rtos_linux_remote.elf.dir/data/cadeniyi/sdk/middleware/multicore/rpmsg_lite/lib/virtio/virtqueue.c.obj
                0x1ffe394c                virtqueue_get_buffer_length
 .text.virtqueue_free
                0x1ffe3956       0x12 CMakeFiles/rpmsg_cortexm_console_rtos_linux_remote.elf.dir/data/cadeniyi/sdk/middleware/multicore/rpmsg_lite/lib/virtio/virtqueue.c.obj
                0x1ffe3956                virtqueue_free
 .text.virtqueue_get_available_buffer
                0x1ffe3968       0x4c CMakeFiles/rpmsg_cortexm_console_rtos_linux_remote.elf.dir/data/cadeniyi/sdk/middleware/multicore/rpmsg_lite/lib/virtio/virtqueue.c.obj
                0x1ffe3968                virtqueue_get_available_buffer
 .text.virtqueue_add_consumed_buffer
                0x1ffe39b4       0x1c CMakeFiles/rpmsg_cortexm_console_rtos_linux_remote.elf.dir/data/cadeniyi/sdk/middleware/multicore/rpmsg_lite/lib/virtio/virtqueue.c.obj
                0x1ffe39b4                virtqueue_add_consumed_buffer
 .text.virtqueue_kick
                0x1ffe39d0       0x46 CMakeFiles/rpmsg_cortexm_console_rtos_linux_remote.elf.dir/data/cadeniyi/sdk/middleware/multicore/rpmsg_lite/lib/virtio/virtqueue.c.obj
                0x1ffe39d0                virtqueue_kick
 .text.virtqueue_notification
                0x1ffe3a16        0xa CMakeFiles/rpmsg_cortexm_console_rtos_linux_remote.elf.dir/data/cadeniyi/sdk/middleware/multicore/rpmsg_lite/lib/virtio/virtqueue.c.obj
                0x1ffe3a16                virtqueue_notification
 .text.env_wait_for_link_up
                0x1ffe3a20       0x40 CMakeFiles/rpmsg_cortexm_console_rtos_linux_remote.elf.dir/data/cadeniyi/sdk/middleware/multicore/rpmsg_lite/lib/rpmsg_lite/porting/environment/rpmsg_env_freertos.c.obj
                0x1ffe3a20                env_wait_for_link_up
 .text.env_tx_callback
                0x1ffe3a60       0x44 CMakeFiles/rpmsg_cortexm_console_rtos_linux_remote.elf.dir/data/cadeniyi/sdk/middleware/multicore/rpmsg_lite/lib/rpmsg_lite/porting/environment/rpmsg_env_freertos.c.obj
                0x1ffe3a60                env_tx_callback
 .text.env_init
                0x1ffe3aa4       0x88 CMakeFiles/rpmsg_cortexm_console_rtos_linux_remote.elf.dir/data/cadeniyi/sdk/middleware/multicore/rpmsg_lite/lib/rpmsg_lite/porting/environment/rpmsg_env_freertos.c.obj
                0x1ffe3aa4                env_init
 .text.env_allocate_memory
                0x1ffe3b2c        0x4 CMakeFiles/rpmsg_cortexm_console_rtos_linux_remote.elf.dir/data/cadeniyi/sdk/middleware/multicore/rpmsg_lite/lib/rpmsg_lite/porting/environment/rpmsg_env_freertos.c.obj
                0x1ffe3b2c                env_allocate_memory
 .text.env_free_memory
                0x1ffe3b30        0x8 CMakeFiles/rpmsg_cortexm_console_rtos_linux_remote.elf.dir/data/cadeniyi/sdk/middleware/multicore/rpmsg_lite/lib/rpmsg_lite/porting/environment/rpmsg_env_freertos.c.obj
                0x1ffe3b30                env_free_memory
 .text.env_memset
                0x1ffe3b38        0x4 CMakeFiles/rpmsg_cortexm_console_rtos_linux_remote.elf.dir/data/cadeniyi/sdk/middleware/multicore/rpmsg_lite/lib/rpmsg_lite/porting/environment/rpmsg_env_freertos.c.obj
                0x1ffe3b38                env_memset
 .text.env_memcpy
                0x1ffe3b3c        0x4 CMakeFiles/rpmsg_cortexm_console_rtos_linux_remote.elf.dir/data/cadeniyi/sdk/middleware/multicore/rpmsg_lite/lib/rpmsg_lite/porting/environment/rpmsg_env_freertos.c.obj
                0x1ffe3b3c                env_memcpy
 .text.env_strncpy
                0x1ffe3b40        0x4 CMakeFiles/rpmsg_cortexm_console_rtos_linux_remote.elf.dir/data/cadeniyi/sdk/middleware/multicore/rpmsg_lite/lib/rpmsg_lite/porting/environment/rpmsg_env_freertos.c.obj
                0x1ffe3b40                env_strncpy
 .text.env_mb   0x1ffe3b44        0x6 CMakeFiles/rpmsg_cortexm_console_rtos_linux_remote.elf.dir/data/cadeniyi/sdk/middleware/multicore/rpmsg_lite/lib/rpmsg_lite/porting/environment/rpmsg_env_freertos.c.obj
                0x1ffe3b44                env_mb
 .text.env_rmb  0x1ffe3b4a        0x6 CMakeFiles/rpmsg_cortexm_console_rtos_linux_remote.elf.dir/data/cadeniyi/sdk/middleware/multicore/rpmsg_lite/lib/rpmsg_lite/porting/environment/rpmsg_env_freertos.c.obj
                0x1ffe3b4a                env_rmb
 .text.env_wmb  0x1ffe3b50        0x6 CMakeFiles/rpmsg_cortexm_console_rtos_linux_remote.elf.dir/data/cadeniyi/sdk/middleware/multicore/rpmsg_lite/lib/rpmsg_lite/porting/environment/rpmsg_env_freertos.c.obj
                0x1ffe3b50                env_wmb
 .text.env_map_patova
                0x1ffe3b56        0x4 CMakeFiles/rpmsg_cortexm_console_rtos_linux_remote.elf.dir/data/cadeniyi/sdk/middleware/multicore/rpmsg_lite/lib/rpmsg_lite/porting/environment/rpmsg_env_freertos.c.obj
                0x1ffe3b56                env_map_patova
 .text.env_create_mutex
                0x1ffe3b5a       0x20 CMakeFiles/rpmsg_cortexm_console_rtos_linux_remote.elf.dir/data/cadeniyi/sdk/middleware/multicore/rpmsg_lite/lib/rpmsg_lite/porting/environment/rpmsg_env_freertos.c.obj
                0x1ffe3b5a                env_create_mutex
 .text.env_lock_mutex
                0x1ffe3b7a       0x1a CMakeFiles/rpmsg_cortexm_console_rtos_linux_remote.elf.dir/data/cadeniyi/sdk/middleware/multicore/rpmsg_lite/lib/rpmsg_lite/porting/environment/rpmsg_env_freertos.c.obj
                0x1ffe3b7a                env_lock_mutex
 .text.env_unlock_mutex
                0x1ffe3b94       0x1c CMakeFiles/rpmsg_cortexm_console_rtos_linux_remote.elf.dir/data/cadeniyi/sdk/middleware/multicore/rpmsg_lite/lib/rpmsg_lite/porting/environment/rpmsg_env_freertos.c.obj
                0x1ffe3b94                env_unlock_mutex
 .text.env_sleep_msec
                0x1ffe3bb0        0x4 CMakeFiles/rpmsg_cortexm_console_rtos_linux_remote.elf.dir/data/cadeniyi/sdk/middleware/multicore/rpmsg_lite/lib/rpmsg_lite/porting/environment/rpmsg_env_freertos.c.obj
                0x1ffe3bb0                env_sleep_msec
 .text.env_register_isr
                0x1ffe3bb4       0x14 CMakeFiles/rpmsg_cortexm_console_rtos_linux_remote.elf.dir/data/cadeniyi/sdk/middleware/multicore/rpmsg_lite/lib/rpmsg_lite/porting/environment/rpmsg_env_freertos.c.obj
                0x1ffe3bb4                env_register_isr
 .text.env_enable_interrupt
                0x1ffe3bc8        0x4 CMakeFiles/rpmsg_cortexm_console_rtos_linux_remote.elf.dir/data/cadeniyi/sdk/middleware/multicore/rpmsg_lite/lib/rpmsg_lite/porting/environment/rpmsg_env_freertos.c.obj
                0x1ffe3bc8                env_enable_interrupt
 .text.env_disable_interrupt
                0x1ffe3bcc        0x4 CMakeFiles/rpmsg_cortexm_console_rtos_linux_remote.elf.dir/data/cadeniyi/sdk/middleware/multicore/rpmsg_lite/lib/rpmsg_lite/porting/environment/rpmsg_env_freertos.c.obj
                0x1ffe3bcc                env_disable_interrupt
 .text.env_isr  0x1ffe3bd0       0x14 CMakeFiles/rpmsg_cortexm_console_rtos_linux_remote.elf.dir/data/cadeniyi/sdk/middleware/multicore/rpmsg_lite/lib/rpmsg_lite/porting/environment/rpmsg_env_freertos.c.obj
                0x1ffe3bd0                env_isr
 .text.env_create_queue
                0x1ffe3be4       0x1a CMakeFiles/rpmsg_cortexm_console_rtos_linux_remote.elf.dir/data/cadeniyi/sdk/middleware/multicore/rpmsg_lite/lib/rpmsg_lite/porting/environment/rpmsg_env_freertos.c.obj
                0x1ffe3be4                env_create_queue
 .text.env_put_queue
                0x1ffe3bfe       0x56 CMakeFiles/rpmsg_cortexm_console_rtos_linux_remote.elf.dir/data/cadeniyi/sdk/middleware/multicore/rpmsg_lite/lib/rpmsg_lite/porting/environment/rpmsg_env_freertos.c.obj
                0x1ffe3bfe                env_put_queue
 .text.env_get_queue
                0x1ffe3c54       0x52 CMakeFiles/rpmsg_cortexm_console_rtos_linux_remote.elf.dir/data/cadeniyi/sdk/middleware/multicore/rpmsg_lite/lib/rpmsg_lite/porting/environment/rpmsg_env_freertos.c.obj
                0x1ffe3c54                env_get_queue
 .text.rpmsg_queue_rx_cb
                0x1ffe3ca6       0x22 CMakeFiles/rpmsg_cortexm_console_rtos_linux_remote.elf.dir/data/cadeniyi/sdk/middleware/multicore/rpmsg_lite/lib/rpmsg_lite/rpmsg_queue.c.obj
                0x1ffe3ca6                rpmsg_queue_rx_cb
 .text.rpmsg_queue_create
                0x1ffe3cc8       0x28 CMakeFiles/rpmsg_cortexm_console_rtos_linux_remote.elf.dir/data/cadeniyi/sdk/middleware/multicore/rpmsg_lite/lib/rpmsg_lite/rpmsg_queue.c.obj
                0x1ffe3cc8                rpmsg_queue_create
 .text.rpmsg_queue_recv
                0x1ffe3cf0       0x68 CMakeFiles/rpmsg_cortexm_console_rtos_linux_remote.elf.dir/data/cadeniyi/sdk/middleware/multicore/rpmsg_lite/lib/rpmsg_lite/rpmsg_queue.c.obj
                0x1ffe3cf0                rpmsg_queue_recv
 .text.platform_init_interrupt
                0x1ffe3d58       0x44 CMakeFiles/rpmsg_cortexm_console_rtos_linux_remote.elf.dir/data/cadeniyi/sdk/middleware/multicore/rpmsg_lite/lib/rpmsg_lite/porting/platform/imx8mm_m4/rpmsg_platform.c.obj
                0x1ffe3d58                platform_init_interrupt
 .text.platform_notify
                0x1ffe3d9c       0x28 CMakeFiles/rpmsg_cortexm_console_rtos_linux_remote.elf.dir/data/cadeniyi/sdk/middleware/multicore/rpmsg_lite/lib/rpmsg_lite/porting/platform/imx8mm_m4/rpmsg_platform.c.obj
                0x1ffe3d9c                platform_notify
 .text.MU_M4_IRQHandler
                0x1ffe3dc4       0x20 CMakeFiles/rpmsg_cortexm_console_rtos_linux_remote.elf.dir/data/cadeniyi/sdk/middleware/multicore/rpmsg_lite/lib/rpmsg_lite/porting/platform/imx8mm_m4/rpmsg_platform.c.obj
                0x1ffe3dc4                MU_M4_IRQHandler
 .text.platform_in_isr
                0x1ffe3de4       0x14 CMakeFiles/rpmsg_cortexm_console_rtos_linux_remote.elf.dir/data/cadeniyi/sdk/middleware/multicore/rpmsg_lite/lib/rpmsg_lite/porting/platform/imx8mm_m4/rpmsg_platform.c.obj
                0x1ffe3de4                platform_in_isr
 .text.platform_interrupt_enable
                0x1ffe3df8       0x28 CMakeFiles/rpmsg_cortexm_console_rtos_linux_remote.elf.dir/data/cadeniyi/sdk/middleware/multicore/rpmsg_lite/lib/rpmsg_lite/porting/platform/imx8mm_m4/rpmsg_platform.c.obj
                0x1ffe3df8                platform_interrupt_enable
 .text.platform_interrupt_disable
                0x1ffe3e20       0x34 CMakeFiles/rpmsg_cortexm_console_rtos_linux_remote.elf.dir/data/cadeniyi/sdk/middleware/multicore/rpmsg_lite/lib/rpmsg_lite/porting/platform/imx8mm_m4/rpmsg_platform.c.obj
                0x1ffe3e20                platform_interrupt_disable
 .text.platform_patova
                0x1ffe3e54        0x2 CMakeFiles/rpmsg_cortexm_console_rtos_linux_remote.elf.dir/data/cadeniyi/sdk/middleware/multicore/rpmsg_lite/lib/rpmsg_lite/porting/platform/imx8mm_m4/rpmsg_platform.c.obj
                0x1ffe3e54                platform_patova
 *fill*         0x1ffe3e56        0x2 
 .text.platform_init
                0x1ffe3e58       0x34 CMakeFiles/rpmsg_cortexm_console_rtos_linux_remote.elf.dir/data/cadeniyi/sdk/middleware/multicore/rpmsg_lite/lib/rpmsg_lite/porting/platform/imx8mm_m4/rpmsg_platform.c.obj
                0x1ffe3e58                platform_init
 .text._sbrk    0x1ffe3e8c       0x38 CMakeFiles/rpmsg_cortexm_console_rtos_linux_remote.elf.dir/data/cadeniyi/sdk/devices/MIMX8MM6/utilities/fsl_sbrk.c.obj
                0x1ffe3e8c                _sbrk
 .text.ConvertRadixNumToString.isra.0
                0x1ffe3ec4       0x3e CMakeFiles/rpmsg_cortexm_console_rtos_linux_remote.elf.dir/data/cadeniyi/sdk/devices/MIMX8MM6/utilities/str/fsl_str.c.obj
 *fill*         0x1ffe3f02        0x2 
 .text.StrFormatPrintf
                0x1ffe3f04      0x1c0 CMakeFiles/rpmsg_cortexm_console_rtos_linux_remote.elf.dir/data/cadeniyi/sdk/devices/MIMX8MM6/utilities/str/fsl_str.c.obj
                0x1ffe3f04                StrFormatPrintf
 .text.DbgConsole_SendDataReliable
                0x1ffe40c4       0x30 CMakeFiles/rpmsg_cortexm_console_rtos_linux_remote.elf.dir/data/cadeniyi/sdk/devices/MIMX8MM6/utilities/debug_console/fsl_debug_console.c.obj
                0x1ffe40c4                DbgConsole_SendDataReliable
 .text.DbgConsole_PrintCallback
                0x1ffe40f4       0x3a CMakeFiles/rpmsg_cortexm_console_rtos_linux_remote.elf.dir/data/cadeniyi/sdk/devices/MIMX8MM6/utilities/debug_console/fsl_debug_console.c.obj
 *fill*         0x1ffe412e        0x2 
 .text.DbgConsole_Init
                0x1ffe4130       0x90 CMakeFiles/rpmsg_cortexm_console_rtos_linux_remote.elf.dir/data/cadeniyi/sdk/devices/MIMX8MM6/utilities/debug_console/fsl_debug_console.c.obj
                0x1ffe4130                DbgConsole_Init
 .text.DbgConsole_Vprintf
                0x1ffe41c0       0x38 CMakeFiles/rpmsg_cortexm_console_rtos_linux_remote.elf.dir/data/cadeniyi/sdk/devices/MIMX8MM6/utilities/debug_console/fsl_debug_console.c.obj
                0x1ffe41c0                DbgConsole_Vprintf
 .text.DbgConsole_Printf
                0x1ffe41f8       0x1a CMakeFiles/rpmsg_cortexm_console_rtos_linux_remote.elf.dir/data/cadeniyi/sdk/devices/MIMX8MM6/utilities/debug_console/fsl_debug_console.c.obj
                0x1ffe41f8                DbgConsole_Printf
 *fill*         0x1ffe4212        0x2 
 .text.exit     0x1ffe4214       0x24 /data/cadeniyi/arm-gnu-toolchain-13.2.Rel1-x86_64-arm-none-eabi/bin/../lib/gcc/arm-none-eabi/13.2.1/../../../../arm-none-eabi/lib/thumb/v7e-m+fp/hard/libc_nano.a(libc_a-exit.o)
                0x1ffe4214                exit
 .text.__libc_init_array
                0x1ffe4238       0x48 /data/cadeniyi/arm-gnu-toolchain-13.2.Rel1-x86_64-arm-none-eabi/bin/../lib/gcc/arm-none-eabi/13.2.1/../../../../arm-none-eabi/lib/thumb/v7e-m+fp/hard/libc_nano.a(libc_a-init.o)
                0x1ffe4238                __libc_init_array
 .text.sbrk_aligned
                0x1ffe4280       0x44 /data/cadeniyi/arm-gnu-toolchain-13.2.Rel1-x86_64-arm-none-eabi/bin/../lib/gcc/arm-none-eabi/13.2.1/../../../../arm-none-eabi/lib/thumb/v7e-m+fp/hard/libc_nano.a(libc_a-mallocr.o)
 .text._malloc_r
                0x1ffe42c4      0x100 /data/cadeniyi/arm-gnu-toolchain-13.2.Rel1-x86_64-arm-none-eabi/bin/../lib/gcc/arm-none-eabi/13.2.1/../../../../arm-none-eabi/lib/thumb/v7e-m+fp/hard/libc_nano.a(libc_a-mallocr.o)
                0x1ffe42c4                _malloc_r
 .text.strncpy  0x1ffe43c4       0x26 /data/cadeniyi/arm-gnu-toolchain-13.2.Rel1-x86_64-arm-none-eabi/bin/../lib/gcc/arm-none-eabi/13.2.1/../../../../arm-none-eabi/lib/thumb/v7e-m+fp/hard/libc_nano.a(libc_a-strncpy.o)
                0x1ffe43c4                strncpy
 *fill*         0x1ffe43ea        0x2 
 .text.sprintf  0x1ffe43ec       0x40 /data/cadeniyi/arm-gnu-toolchain-13.2.Rel1-x86_64-arm-none-eabi/bin/../lib/gcc/arm-none-eabi/13.2.1/../../../../arm-none-eabi/lib/thumb/v7e-m+fp/hard/libc_nano.a(libc_a-sprintf.o)
                0x1ffe43ec                sprintf
                0x1ffe43ec                siprintf
 .text.__malloc_lock
                0x1ffe442c        0xc /data/cadeniyi/arm-gnu-toolchain-13.2.Rel1-x86_64-arm-none-eabi/bin/../lib/gcc/arm-none-eabi/13.2.1/../../../../arm-none-eabi/lib/thumb/v7e-m+fp/hard/libc_nano.a(libc_a-mlock.o)
                0x1ffe442c                __malloc_lock
 .text.__malloc_unlock
                0x1ffe4438        0xc /data/cadeniyi/arm-gnu-toolchain-13.2.Rel1-x86_64-arm-none-eabi/bin/../lib/gcc/arm-none-eabi/13.2.1/../../../../arm-none-eabi/lib/thumb/v7e-m+fp/hard/libc_nano.a(libc_a-mlock.o)
                0x1ffe4438                __malloc_unlock
 .text._sbrk_r  0x1ffe4444       0x20 /data/cadeniyi/arm-gnu-toolchain-13.2.Rel1-x86_64-arm-none-eabi/bin/../lib/gcc/arm-none-eabi/13.2.1/../../../../arm-none-eabi/lib/thumb/v7e-m+fp/hard/libc_nano.a(libc_a-sbrkr.o)
                0x1ffe4444                _sbrk_r
 .text.__errno  0x1ffe4464        0xc /data/cadeniyi/arm-gnu-toolchain-13.2.Rel1-x86_64-arm-none-eabi/bin/../lib/gcc/arm-none-eabi/13.2.1/../../../../arm-none-eabi/lib/thumb/v7e-m+fp/hard/libc_nano.a(libc_a-errno.o)
                0x1ffe4464                __errno
 .text.memset   0x1ffe4470       0x10 /data/cadeniyi/arm-gnu-toolchain-13.2.Rel1-x86_64-arm-none-eabi/bin/../lib/gcc/arm-none-eabi/13.2.1/../../../../arm-none-eabi/lib/thumb/v7e-m+fp/hard/libc_nano.a(libc_a-memset.o)
                0x1ffe4470                memset
 .text._free_r  0x1ffe4480       0x94 /data/cadeniyi/arm-gnu-toolchain-13.2.Rel1-x86_64-arm-none-eabi/bin/../lib/gcc/arm-none-eabi/13.2.1/../../../../arm-none-eabi/lib/thumb/v7e-m+fp/hard/libc_nano.a(libc_a-freer.o)
                0x1ffe4480                _free_r
 .text.__retarget_lock_acquire_recursive
                0x1ffe4514        0x2 /data/cadeniyi/arm-gnu-toolchain-13.2.Rel1-x86_64-arm-none-eabi/bin/../lib/gcc/arm-none-eabi/13.2.1/../../../../arm-none-eabi/lib/thumb/v7e-m+fp/hard/libc_nano.a(libc_a-lock.o)
                0x1ffe4514                __retarget_lock_acquire_recursive
 .text.__retarget_lock_release_recursive
                0x1ffe4516        0x2 /data/cadeniyi/arm-gnu-toolchain-13.2.Rel1-x86_64-arm-none-eabi/bin/../lib/gcc/arm-none-eabi/13.2.1/../../../../arm-none-eabi/lib/thumb/v7e-m+fp/hard/libc_nano.a(libc_a-lock.o)
                0x1ffe4516                __retarget_lock_release_recursive
 .text.__ssputs_r
                0x1ffe4518       0xb6 /data/cadeniyi/arm-gnu-toolchain-13.2.Rel1-x86_64-arm-none-eabi/bin/../lib/gcc/arm-none-eabi/13.2.1/../../../../arm-none-eabi/lib/thumb/v7e-m+fp/hard/libc_nano.a(libc_a-nano-svfprintf.o)
                0x1ffe4518                __ssputs_r
 *fill*         0x1ffe45ce        0x2 
 .text._svfprintf_r
                0x1ffe45d0      0x1f8 /data/cadeniyi/arm-gnu-toolchain-13.2.Rel1-x86_64-arm-none-eabi/bin/../lib/gcc/arm-none-eabi/13.2.1/../../../../arm-none-eabi/lib/thumb/v7e-m+fp/hard/libc_nano.a(libc_a-nano-svfprintf.o)
                0x1ffe45d0                _svfprintf_r
                0x1ffe45d0                _svfiprintf_r
 .text._printf_common
                0x1ffe47c8       0xda /data/cadeniyi/arm-gnu-toolchain-13.2.Rel1-x86_64-arm-none-eabi/bin/../lib/gcc/arm-none-eabi/13.2.1/../../../../arm-none-eabi/lib/thumb/v7e-m+fp/hard/libc_nano.a(libc_a-nano-vfprintf_i.o)
                0x1ffe47c8                _printf_common
 *fill*         0x1ffe48a2        0x2 
 .text._printf_i
                0x1ffe48a4      0x23c /data/cadeniyi/arm-gnu-toolchain-13.2.Rel1-x86_64-arm-none-eabi/bin/../lib/gcc/arm-none-eabi/13.2.1/../../../../arm-none-eabi/lib/thumb/v7e-m+fp/hard/libc_nano.a(libc_a-nano-vfprintf_i.o)
                0x1ffe48a4                _printf_i
 .text.memmove  0x1ffe4ae0       0x34 /data/cadeniyi/arm-gnu-toolchain-13.2.Rel1-x86_64-arm-none-eabi/bin/../lib/gcc/arm-none-eabi/13.2.1/../../../../arm-none-eabi/lib/thumb/v7e-m+fp/hard/libc_nano.a(libc_a-memmove.o)
                0x1ffe4ae0                memmove
 .text._realloc_r
                0x1ffe4b14       0x5c /data/cadeniyi/arm-gnu-toolchain-13.2.Rel1-x86_64-arm-none-eabi/bin/../lib/gcc/arm-none-eabi/13.2.1/../../../../arm-none-eabi/lib/thumb/v7e-m+fp/hard/libc_nano.a(libc_a-reallocr.o)
                0x1ffe4b14                _realloc_r
 .text._malloc_usable_size_r
                0x1ffe4b70       0x10 /data/cadeniyi/arm-gnu-toolchain-13.2.Rel1-x86_64-arm-none-eabi/bin/../lib/gcc/arm-none-eabi/13.2.1/../../../../arm-none-eabi/lib/thumb/v7e-m+fp/hard/libc_nano.a(libc_a-msizer.o)
                0x1ffe4b70                _malloc_usable_size_r
 .text.__udivmoddi4
                0x1ffe4b80      0x2bc /data/cadeniyi/arm-gnu-toolchain-13.2.Rel1-x86_64-arm-none-eabi/bin/../lib/gcc/arm-none-eabi/13.2.1/thumb/v7e-m+fp/hard/libgcc.a(_udivmoddi4.o)
                0x1ffe4b80                __udivmoddi4
 .text._exit    0x1ffe4e3c        0x4 /data/cadeniyi/arm-gnu-toolchain-13.2.Rel1-x86_64-arm-none-eabi/bin/../lib/gcc/arm-none-eabi/13.2.1/../../../../arm-none-eabi/lib/thumb/v7e-m+fp/hard/libnosys.a(_exit.o)
                0x1ffe4e3c                _exit
 *(.rodata)
 *(.rodata*)
 .rodata.app_task.str1.1
                0x1ffe4e40      0x199 CMakeFiles/rpmsg_cortexm_console_rtos_linux_remote.elf.dir/data/cadeniyi/sdk/boards/evkmimx8mm/multicore_examples/rpmsg_cortexm_console_rtos/linux_remote/main_remote.c.obj
                                 0xf4 (size before relaxing)
 .rodata.app_create_task.str1.1
                0x1ffe4fd9       0x2f CMakeFiles/rpmsg_cortexm_console_rtos_linux_remote.elf.dir/data/cadeniyi/sdk/boards/evkmimx8mm/multicore_examples/rpmsg_cortexm_console_rtos/linux_remote/main_remote.c.obj
 .rodata.main.str1.1
                0x1ffe4fd9       0x25 CMakeFiles/rpmsg_cortexm_console_rtos_linux_remote.elf.dir/data/cadeniyi/sdk/boards/evkmimx8mm/multicore_examples/rpmsg_cortexm_console_rtos/linux_remote/main_remote.c.obj
 *fill*         0x1ffe4fd9        0x3 
 .rodata.g_audioPll2Config
                0x1ffe4fdc       0x10 CMakeFiles/rpmsg_cortexm_console_rtos_linux_remote.elf.dir/data/cadeniyi/sdk/boards/evkmimx8mm/multicore_examples/rpmsg_cortexm_console_rtos/linux_remote/clock_config.c.obj
                0x1ffe4fdc                g_audioPll2Config
 .rodata.g_audioPll1Config
                0x1ffe4fec       0x10 CMakeFiles/rpmsg_cortexm_console_rtos_linux_remote.elf.dir/data/cadeniyi/sdk/boards/evkmimx8mm/multicore_examples/rpmsg_cortexm_console_rtos/linux_remote/clock_config.c.obj
                0x1ffe4fec                g_audioPll1Config
 .rodata.s_UartAdapterBase
                0x1ffe4ffc       0x14 CMakeFiles/rpmsg_cortexm_console_rtos_linux_remote.elf.dir/data/cadeniyi/sdk/components/uart/fsl_adapter_iuart.c.obj
 .rodata.CSWTCH.36
                0x1ffe5010        0x6 CMakeFiles/rpmsg_cortexm_console_rtos_linux_remote.elf.dir/data/cadeniyi/sdk/devices/MIMX8MM6/drivers/fsl_uart.c.obj
 *fill*         0x1ffe5016        0x2 
 .rodata.s_uartClock
                0x1ffe5018       0x14 CMakeFiles/rpmsg_cortexm_console_rtos_linux_remote.elf.dir/data/cadeniyi/sdk/devices/MIMX8MM6/drivers/fsl_uart.c.obj
 .rodata.vTaskStartScheduler.str1.1
                0x1ffe502c        0x5 CMakeFiles/rpmsg_cortexm_console_rtos_linux_remote.elf.dir/data/cadeniyi/sdk/rtos/freertos/freertos-kernel/tasks.c.obj
 .rodata.uxTopUsedPriority
                0x1ffe502c        0x4 CMakeFiles/rpmsg_cortexm_console_rtos_linux_remote.elf.dir/data/cadeniyi/sdk/rtos/freertos/freertos-kernel/tasks.c.obj
                0x1ffe502c                uxTopUsedPriority
 .rodata.prvCheckForValidListAndQueue.str1.1
                0x1ffe5030        0x5 CMakeFiles/rpmsg_cortexm_console_rtos_linux_remote.elf.dir/data/cadeniyi/sdk/rtos/freertos/freertos-kernel/timers.c.obj
 .rodata.xTimerCreateTimerTask.str1.1
                0x1ffe5030        0x8 CMakeFiles/rpmsg_cortexm_console_rtos_linux_remote.elf.dir/data/cadeniyi/sdk/rtos/freertos/freertos-kernel/timers.c.obj
 .rodata.rpmsg_lite_master_init.str1.1
                0x1ffe5030        0xc CMakeFiles/rpmsg_cortexm_console_rtos_linux_remote.elf.dir/data/cadeniyi/sdk/middleware/multicore/rpmsg_lite/lib/rpmsg_lite/rpmsg_lite.c.obj
 .rodata.remote_vq_ops
                0x1ffe5030       0x10 CMakeFiles/rpmsg_cortexm_console_rtos_linux_remote.elf.dir/data/cadeniyi/sdk/middleware/multicore/rpmsg_lite/lib/rpmsg_lite/rpmsg_lite.c.obj
 .rodata.CSWTCH.75
                0x1ffe5040        0xf CMakeFiles/rpmsg_cortexm_console_rtos_linux_remote.elf.dir/data/cadeniyi/sdk/devices/MIMX8MM6/utilities/str/fsl_str.c.obj
 .rodata._svfprintf_r.str1.1
                0x1ffe504f       0x11 /data/cadeniyi/arm-gnu-toolchain-13.2.Rel1-x86_64-arm-none-eabi/bin/../lib/gcc/arm-none-eabi/13.2.1/../../../../arm-none-eabi/lib/thumb/v7e-m+fp/hard/libc_nano.a(libc_a-nano-svfprintf.o)
 .rodata._printf_i.str1.1
                0x1ffe504f       0x22 /data/cadeniyi/arm-gnu-toolchain-13.2.Rel1-x86_64-arm-none-eabi/bin/../lib/gcc/arm-none-eabi/13.2.1/../../../../arm-none-eabi/lib/thumb/v7e-m+fp/hard/libc_nano.a(libc_a-nano-vfprintf_i.o)
 *(.glue_7)
 .glue_7        0x1ffe504f        0x0 linker stubs
 *(.glue_7t)
 .glue_7t       0x1ffe504f        0x0 linker stubs
 *(.eh_frame)
 *fill*         0x1ffe504f        0x1 
 .eh_frame      0x1ffe5050        0x0 /data/cadeniyi/arm-gnu-toolchain-13.2.Rel1-x86_64-arm-none-eabi/bin/../lib/gcc/arm-none-eabi/13.2.1/thumb/v7e-m+fp/hard/crtbegin.o
 *(.init)
 .init          0x1ffe5050        0x4 /data/cadeniyi/arm-gnu-toolchain-13.2.Rel1-x86_64-arm-none-eabi/bin/../lib/gcc/arm-none-eabi/13.2.1/thumb/v7e-m+fp/hard/crti.o
                0x1ffe5050                _init
 .init          0x1ffe5054        0x8 /data/cadeniyi/arm-gnu-toolchain-13.2.Rel1-x86_64-arm-none-eabi/bin/../lib/gcc/arm-none-eabi/13.2.1/thumb/v7e-m+fp/hard/crtn.o
 *(.fini)
 .fini          0x1ffe505c        0x4 /data/cadeniyi/arm-gnu-toolchain-13.2.Rel1-x86_64-arm-none-eabi/bin/../lib/gcc/arm-none-eabi/13.2.1/thumb/v7e-m+fp/hard/crti.o
                0x1ffe505c                _fini
 .fini          0x1ffe5060        0x8 /data/cadeniyi/arm-gnu-toolchain-13.2.Rel1-x86_64-arm-none-eabi/bin/../lib/gcc/arm-none-eabi/13.2.1/thumb/v7e-m+fp/hard/crtn.o
                0x1ffe5068                        . = ALIGN (0x4)

.vfp11_veneer   0x1ffe5068        0x0
 .vfp11_veneer  0x1ffe5068        0x0 linker stubs

.v4_bx          0x1ffe5068        0x0
 .v4_bx         0x1ffe5068        0x0 linker stubs

.iplt           0x1ffe5068        0x0
 .iplt          0x1ffe5068        0x0 /data/cadeniyi/arm-gnu-toolchain-13.2.Rel1-x86_64-arm-none-eabi/bin/../lib/gcc/arm-none-eabi/13.2.1/thumb/v7e-m+fp/hard/crtbegin.o

.ARM.extab
 *(.ARM.extab* .gnu.linkonce.armextab.*)

.ARM            0x1ffe5068        0x8
                0x1ffe5068                        __exidx_start = .
 *(.ARM.exidx*)
 .ARM.exidx     0x1ffe5068        0x8 /data/cadeniyi/arm-gnu-toolchain-13.2.Rel1-x86_64-arm-none-eabi/bin/../lib/gcc/arm-none-eabi/13.2.1/../../../../arm-none-eabi/lib/thumb/v7e-m+fp/hard/crt0.o
                                 0x10 (size before relaxing)
 .ARM.exidx     0x1ffe5070        0x0 /data/cadeniyi/arm-gnu-toolchain-13.2.Rel1-x86_64-arm-none-eabi/bin/../lib/gcc/arm-none-eabi/13.2.1/../../../../arm-none-eabi/lib/thumb/v7e-m+fp/hard/libc_nano.a(libc_a-strlen.o)
                                  0x8 (size before relaxing)
 .ARM.exidx     0x1ffe5070        0x0 /data/cadeniyi/arm-gnu-toolchain-13.2.Rel1-x86_64-arm-none-eabi/bin/../lib/gcc/arm-none-eabi/13.2.1/../../../../arm-none-eabi/lib/thumb/v7e-m+fp/hard/libc_nano.a(libc_a-memchr.o)
                                  0x8 (size before relaxing)
 .ARM.exidx.text.__udivmoddi4
                0x1ffe5070        0x0 /data/cadeniyi/arm-gnu-toolchain-13.2.Rel1-x86_64-arm-none-eabi/bin/../lib/gcc/arm-none-eabi/13.2.1/thumb/v7e-m+fp/hard/libgcc.a(_udivmoddi4.o)
                                  0x8 (size before relaxing)
                0x1ffe5070                        __exidx_end = .

.rel.dyn        0x1ffe5070        0x0
 .rel.iplt      0x1ffe5070        0x0 /data/cadeniyi/arm-gnu-toolchain-13.2.Rel1-x86_64-arm-none-eabi/bin/../lib/gcc/arm-none-eabi/13.2.1/thumb/v7e-m+fp/hard/crtbegin.o

.ctors          0x1ffe5070        0x0
                0x1ffe5070                        __CTOR_LIST__ = .
 *crtbegin.o(.ctors)
 *crtbegin?.o(.ctors)
 *(EXCLUDE_FILE(*crtend.o *crtend?.o) .ctors)
 *(SORT_BY_NAME(.ctors.*))
 *(.ctors)
                0x1ffe5070                        __CTOR_END__ = .

.dtors          0x1ffe5070        0x0
                0x1ffe5070                        __DTOR_LIST__ = .
 *crtbegin.o(.dtors)
 *crtbegin?.o(.dtors)
 *(EXCLUDE_FILE(*crtend.o *crtend?.o) .dtors)
 *(SORT_BY_NAME(.dtors.*))
 *(.dtors)
                0x1ffe5070                        __DTOR_END__ = .

.preinit_array  0x1ffe5070        0x0
                0x1ffe5070                        PROVIDE (__preinit_array_start = .)
 *(.preinit_array*)
                0x1ffe5070                        PROVIDE (__preinit_array_end = .)

.init_array     0x1ffe5070        0x4
                0x1ffe5070                        PROVIDE (__init_array_start = .)
 *(SORT_BY_NAME(.init_array.*))
 *(.init_array*)
 .init_array    0x1ffe5070        0x4 /data/cadeniyi/arm-gnu-toolchain-13.2.Rel1-x86_64-arm-none-eabi/bin/../lib/gcc/arm-none-eabi/13.2.1/thumb/v7e-m+fp/hard/crtbegin.o
                0x1ffe5074                        PROVIDE (__init_array_end = .)

.fini_array     0x1ffe5074        0x4
                [!provide]                        PROVIDE (__fini_array_start = .)
 *(SORT_BY_NAME(.fini_array.*))
 *(.fini_array*)
 .fini_array    0x1ffe5074        0x4 /data/cadeniyi/arm-gnu-toolchain-13.2.Rel1-x86_64-arm-none-eabi/bin/../lib/gcc/arm-none-eabi/13.2.1/thumb/v7e-m+fp/hard/crtbegin.o
                [!provide]                        PROVIDE (__fini_array_end = .)
                0x1ffe5078                        __etext = .
                0x1ffe5078                        __DATA_ROM = .

.data           0x20000000       0x58 load address 0x1ffe5078
                0x20000000                        . = ALIGN (0x4)
                0x20000000                        __DATA_RAM = .
                0x20000000                        __data_start__ = .
 *(.data)
 *(.data*)
 .data.SystemCoreClock
                0x20000000        0x4 CMakeFiles/rpmsg_cortexm_console_rtos_linux_remote.elf.dir/data/cadeniyi/sdk/devices/MIMX8MM6/system_MIMX8MM6_cm4.c.obj
                0x20000000                SystemCoreClock
 .data.uxCriticalNesting
                0x20000004        0x4 CMakeFiles/rpmsg_cortexm_console_rtos_linux_remote.elf.dir/data/cadeniyi/sdk/rtos/freertos/freertos-kernel/portable/GCC/ARM_CM4F/port.c.obj
 .data._impure_ptr
                0x20000008        0x4 /data/cadeniyi/arm-gnu-toolchain-13.2.Rel1-x86_64-arm-none-eabi/bin/../lib/gcc/arm-none-eabi/13.2.1/../../../../arm-none-eabi/lib/thumb/v7e-m+fp/hard/libc_nano.a(libc_a-impure.o)
                0x20000008                _impure_ptr
 .data._impure_data
                0x2000000c       0x4c /data/cadeniyi/arm-gnu-toolchain-13.2.Rel1-x86_64-arm-none-eabi/bin/../lib/gcc/arm-none-eabi/13.2.1/../../../../arm-none-eabi/lib/thumb/v7e-m+fp/hard/libc_nano.a(libc_a-impure.o)
                0x2000000c                _impure_data
 *(.jcr*)
                0x20000058                        . = ALIGN (0x4)
                0x20000058                        __data_end__ = .
                0x1ffe0000                        __CACHE_REGION_START = ORIGIN (m_interrupts)
                0x00000000                        __CACHE_REGION_SIZE = 0x0
                0x1ffe50d0                        __NDATA_ROM = (__DATA_ROM + SIZEOF (.data))

.tm_clone_table
                0x20000058        0x0 load address 0x1ffe50d0
 .tm_clone_table
                0x20000058        0x0 /data/cadeniyi/arm-gnu-toolchain-13.2.Rel1-x86_64-arm-none-eabi/bin/../lib/gcc/arm-none-eabi/13.2.1/thumb/v7e-m+fp/hard/crtbegin.o
 .tm_clone_table
                0x20000058        0x0 /data/cadeniyi/arm-gnu-toolchain-13.2.Rel1-x86_64-arm-none-eabi/bin/../lib/gcc/arm-none-eabi/13.2.1/thumb/v7e-m+fp/hard/crtend.o

.igot.plt       0x20000058        0x0 load address 0x1ffe50d0
 .igot.plt      0x20000058        0x0 /data/cadeniyi/arm-gnu-toolchain-13.2.Rel1-x86_64-arm-none-eabi/bin/../lib/gcc/arm-none-eabi/13.2.1/thumb/v7e-m+fp/hard/crtbegin.o

.ncache.init    0x80000000        0x0 load address 0x1ffe50d0
                0x80000000                        __noncachedata_start__ = .
 *(NonCacheable.init)
                0x80000000                        . = ALIGN (0x4)
                0x80000000                        __noncachedata_init_end__ = .
                0x80000000                        . = __noncachedata_init_end__

.ncache         0x80000000        0x0
 *(NonCacheable)
                0x80000000                        . = ALIGN (0x4)
                0x80000000                        __noncachedata_end__ = .
                0x1ffe50d0                        __DATA_END = (__DATA_ROM + (__data_end__ - __data_start__))
                0x20000000                        text_end = (ORIGIN (m_text) + LENGTH (m_text))
                0x00000001                        ASSERT ((__DATA_END <= text_end), region m_text overflowed with text and data)

.bss            0x20000058     0xa608 load address 0x1ffe50d0
                0x20000058                        . = ALIGN (0x4)
                0x20000058                        __START_BSS = .
                0x20000058                        __bss_start__ = .
 *(.bss)
 *(.bss*)
 .bss.completed.1
                0x20000058        0x1 /data/cadeniyi/arm-gnu-toolchain-13.2.Rel1-x86_64-arm-none-eabi/bin/../lib/gcc/arm-none-eabi/13.2.1/thumb/v7e-m+fp/hard/crtbegin.o
 *fill*         0x20000059        0x3 
 .bss.object.0  0x2000005c       0x18 /data/cadeniyi/arm-gnu-toolchain-13.2.Rel1-x86_64-arm-none-eabi/bin/../lib/gcc/arm-none-eabi/13.2.1/thumb/v7e-m+fp/hard/crtbegin.o
 .bss.i.0       0x20000074        0x4 CMakeFiles/rpmsg_cortexm_console_rtos_linux_remote.elf.dir/data/cadeniyi/sdk/boards/evkmimx8mm/multicore_examples/rpmsg_cortexm_console_rtos/linux_remote/main_remote.c.obj
 .bss.remote_addr
                0x20000078        0x4 CMakeFiles/rpmsg_cortexm_console_rtos_linux_remote.elf.dir/data/cadeniyi/sdk/boards/evkmimx8mm/multicore_examples/rpmsg_cortexm_console_rtos/linux_remote/main_remote.c.obj
                0x20000078                remote_addr
 .bss.my_queue  0x2000007c        0x4 CMakeFiles/rpmsg_cortexm_console_rtos_linux_remote.elf.dir/data/cadeniyi/sdk/boards/evkmimx8mm/multicore_examples/rpmsg_cortexm_console_rtos/linux_remote/main_remote.c.obj
 .bss.my_ept    0x20000080        0x4 CMakeFiles/rpmsg_cortexm_console_rtos_linux_remote.elf.dir/data/cadeniyi/sdk/boards/evkmimx8mm/multicore_examples/rpmsg_cortexm_console_rtos/linux_remote/main_remote.c.obj
 .bss.my_rpmsg  0x20000084        0x4 CMakeFiles/rpmsg_cortexm_console_rtos_linux_remote.elf.dir/data/cadeniyi/sdk/boards/evkmimx8mm/multicore_examples/rpmsg_cortexm_console_rtos/linux_remote/main_remote.c.obj
 .bss.app_task_handle
                0x20000088        0x4 CMakeFiles/rpmsg_cortexm_console_rtos_linux_remote.elf.dir/data/cadeniyi/sdk/boards/evkmimx8mm/multicore_examples/rpmsg_cortexm_console_rtos/linux_remote/main_remote.c.obj
 .bss.msg_buf   0x2000008c      0x200 CMakeFiles/rpmsg_cortexm_console_rtos_linux_remote.elf.dir/data/cadeniyi/sdk/boards/evkmimx8mm/multicore_examples/rpmsg_cortexm_console_rtos/linux_remote/main_remote.c.obj
 .bss.helloMsg  0x2000028c       0x20 CMakeFiles/rpmsg_cortexm_console_rtos_linux_remote.elf.dir/data/cadeniyi/sdk/boards/evkmimx8mm/multicore_examples/rpmsg_cortexm_console_rtos/linux_remote/main_remote.c.obj
 .bss.s_uartHandle
                0x200002ac       0x14 CMakeFiles/rpmsg_cortexm_console_rtos_linux_remote.elf.dir/data/cadeniyi/sdk/devices/MIMX8MM6/drivers/fsl_uart.c.obj
                0x200002ac                s_uartHandle
 .bss.s_uartIsr
                0x200002c0        0x4 CMakeFiles/rpmsg_cortexm_console_rtos_linux_remote.elf.dir/data/cadeniyi/sdk/devices/MIMX8MM6/drivers/fsl_uart.c.obj
                0x200002c0                s_uartIsr
 .bss.xQueueRegistry
                0x200002c4       0x40 CMakeFiles/rpmsg_cortexm_console_rtos_linux_remote.elf.dir/data/cadeniyi/sdk/rtos/freertos/freertos-kernel/queue.c.obj
                0x200002c4                xQueueRegistry
 .bss.uxSchedulerSuspended
                0x20000304        0x4 CMakeFiles/rpmsg_cortexm_console_rtos_linux_remote.elf.dir/data/cadeniyi/sdk/rtos/freertos/freertos-kernel/tasks.c.obj
 .bss.xIdleTaskHandle
                0x20000308        0x4 CMakeFiles/rpmsg_cortexm_console_rtos_linux_remote.elf.dir/data/cadeniyi/sdk/rtos/freertos/freertos-kernel/tasks.c.obj
 .bss.xNextTaskUnblockTime
                0x2000030c        0x4 CMakeFiles/rpmsg_cortexm_console_rtos_linux_remote.elf.dir/data/cadeniyi/sdk/rtos/freertos/freertos-kernel/tasks.c.obj
 .bss.uxTaskNumber
                0x20000310        0x4 CMakeFiles/rpmsg_cortexm_console_rtos_linux_remote.elf.dir/data/cadeniyi/sdk/rtos/freertos/freertos-kernel/tasks.c.obj
 .bss.xNumOfOverflows
                0x20000314        0x4 CMakeFiles/rpmsg_cortexm_console_rtos_linux_remote.elf.dir/data/cadeniyi/sdk/rtos/freertos/freertos-kernel/tasks.c.obj
 .bss.xYieldPending
                0x20000318        0x4 CMakeFiles/rpmsg_cortexm_console_rtos_linux_remote.elf.dir/data/cadeniyi/sdk/rtos/freertos/freertos-kernel/tasks.c.obj
 .bss.xPendedTicks
                0x2000031c        0x4 CMakeFiles/rpmsg_cortexm_console_rtos_linux_remote.elf.dir/data/cadeniyi/sdk/rtos/freertos/freertos-kernel/tasks.c.obj
 .bss.xSchedulerRunning
                0x20000320        0x4 CMakeFiles/rpmsg_cortexm_console_rtos_linux_remote.elf.dir/data/cadeniyi/sdk/rtos/freertos/freertos-kernel/tasks.c.obj
 .bss.uxTopReadyPriority
                0x20000324        0x4 CMakeFiles/rpmsg_cortexm_console_rtos_linux_remote.elf.dir/data/cadeniyi/sdk/rtos/freertos/freertos-kernel/tasks.c.obj
 .bss.xTickCount
                0x20000328        0x4 CMakeFiles/rpmsg_cortexm_console_rtos_linux_remote.elf.dir/data/cadeniyi/sdk/rtos/freertos/freertos-kernel/tasks.c.obj
 .bss.uxCurrentNumberOfTasks
                0x2000032c        0x4 CMakeFiles/rpmsg_cortexm_console_rtos_linux_remote.elf.dir/data/cadeniyi/sdk/rtos/freertos/freertos-kernel/tasks.c.obj
 .bss.xSuspendedTaskList